Analysis & Synthesis report for rpn
Mon Apr 28 18:29:01 2025
Quartus Prime Version 23.1std.1 Build 993 05/14/2024 SC Lite Edition


---------------------
; Table of Contents ;
---------------------
  1. Legal Notice
  2. Analysis & Synthesis Summary
  3. Analysis & Synthesis Settings
  4. Parallel Compilation
  5. Analysis & Synthesis Source Files Read
  6. Analysis & Synthesis Resource Usage Summary
  7. Analysis & Synthesis Resource Utilization by Entity
  8. State Machine - |ChipInterface|converter:rpn_cal|state
  9. State Machine - |ChipInterface|converter:rpn_cal|rpn_calculator:rpn_cal|state
 10. Registers Removed During Synthesis
 11. General Register Statistics
 12. Multiplexer Restructuring Statistics (Restructuring Performed)
 13. Parameter Settings for User Entity Instance: Top-level Entity: |ChipInterface
 14. Parameter Settings for User Entity Instance: converter:rpn_cal|stack:stack
 15. Parameter Settings for User Entity Instance: converter:rpn_cal|rpn_calculator:rpn_cal|stack:stack
 16. Port Connectivity Checks: "bin2bcd:conv"
 17. Port Connectivity Checks: "converter:rpn_cal|rpn_calculator:rpn_cal|stack:stack"
 18. Post-Synthesis Netlist Statistics for Top Partition
 19. Elapsed Time Per Partition
 20. Analysis & Synthesis Messages
 21. Analysis & Synthesis Suppressed Messages



----------------
; Legal Notice ;
----------------
Copyright (C) 2024  Intel Corporation. All rights reserved.
Your use of Intel Corporation's design tools, logic functions 
and other software and tools, and any partner logic 
functions, and any output files from any of the foregoing 
(including device programming or simulation files), and any 
associated documentation or information are expressly subject 
to the terms and conditions of the Intel Program License 
Subscription Agreement, the Intel Quartus Prime License Agreement,
the Intel FPGA IP License Agreement, or other applicable license
agreement, including, without limitation, that your use is for
the sole purpose of programming logic devices manufactured by
Intel and sold by Intel or its authorized distributors.  Please
refer to the applicable agreement for further details, at
https://fpgasoftware.intel.com/eula.



+----------------------------------------------------------------------------------+
; Analysis & Synthesis Summary                                                     ;
+---------------------------------+------------------------------------------------+
; Analysis & Synthesis Status     ; Successful - Mon Apr 28 18:29:01 2025          ;
; Quartus Prime Version           ; 23.1std.1 Build 993 05/14/2024 SC Lite Edition ;
; Revision Name                   ; rpn                                            ;
; Top-level Entity Name           ; ChipInterface                                  ;
; Family                          ; Cyclone V                                      ;
; Logic utilization (in ALMs)     ; N/A                                            ;
; Total registers                 ; 175                                            ;
; Total pins                      ; 59                                             ;
; Total virtual pins              ; 0                                              ;
; Total block memory bits         ; 0                                              ;
; Total DSP Blocks                ; 0                                              ;
; Total HSSI RX PCSs              ; 0                                              ;
; Total HSSI PMA RX Deserializers ; 0                                              ;
; Total HSSI TX PCSs              ; 0                                              ;
; Total HSSI PMA TX Serializers   ; 0                                              ;
; Total PLLs                      ; 0                                              ;
; Total DLLs                      ; 0                                              ;
+---------------------------------+------------------------------------------------+


+---------------------------------------------------------------------------------------------------------------------------+
; Analysis & Synthesis Settings                                                                                             ;
+---------------------------------------------------------------------------------+--------------------+--------------------+
; Option                                                                          ; Setting            ; Default Value      ;
+---------------------------------------------------------------------------------+--------------------+--------------------+
; Device                                                                          ; 5CSXFC6D6F31C6     ;                    ;
; Top-level entity name                                                           ; ChipInterface      ; rpn                ;
; Family name                                                                     ; Cyclone V          ; Cyclone V          ;
; Use smart compilation                                                           ; Off                ; Off                ;
; Enable parallel Assembler and Timing Analyzer during compilation                ; On                 ; On                 ;
; Enable compact report table                                                     ; Off                ; Off                ;
; Restructure Multiplexers                                                        ; Auto               ; Auto               ;
; MLAB Add Timing Constraints For Mixed-Port Feed-Through Mode Setting Don't Care ; Off                ; Off                ;
; Create Debugging Nodes for IP Cores                                             ; Off                ; Off                ;
; Preserve fewer node names                                                       ; On                 ; On                 ;
; Intel FPGA IP Evaluation Mode                                                   ; Enable             ; Enable             ;
; Verilog Version                                                                 ; Verilog_2001       ; Verilog_2001       ;
; VHDL Version                                                                    ; VHDL_1993          ; VHDL_1993          ;
; State Machine Processing                                                        ; Auto               ; Auto               ;
; Safe State Machine                                                              ; Off                ; Off                ;
; Extract Verilog State Machines                                                  ; On                 ; On                 ;
; Extract VHDL State Machines                                                     ; On                 ; On                 ;
; Ignore Verilog initial constructs                                               ; Off                ; Off                ;
; Iteration limit for constant Verilog loops                                      ; 5000               ; 5000               ;
; Iteration limit for non-constant Verilog loops                                  ; 250                ; 250                ;
; Add Pass-Through Logic to Inferred RAMs                                         ; On                 ; On                 ;
; Infer RAMs from Raw Logic                                                       ; On                 ; On                 ;
; Parallel Synthesis                                                              ; On                 ; On                 ;
; DSP Block Balancing                                                             ; Auto               ; Auto               ;
; NOT Gate Push-Back                                                              ; On                 ; On                 ;
; Power-Up Don't Care                                                             ; On                 ; On                 ;
; Remove Redundant Logic Cells                                                    ; Off                ; Off                ;
; Remove Duplicate Registers                                                      ; On                 ; On                 ;
; Ignore CARRY Buffers                                                            ; Off                ; Off                ;
; Ignore CASCADE Buffers                                                          ; Off                ; Off                ;
; Ignore GLOBAL Buffers                                                           ; Off                ; Off                ;
; Ignore ROW GLOBAL Buffers                                                       ; Off                ; Off                ;
; Ignore LCELL Buffers                                                            ; Off                ; Off                ;
; Ignore SOFT Buffers                                                             ; On                 ; On                 ;
; Limit AHDL Integers to 32 Bits                                                  ; Off                ; Off                ;
; Optimization Technique                                                          ; Balanced           ; Balanced           ;
; Carry Chain Length                                                              ; 70                 ; 70                 ;
; Auto Carry Chains                                                               ; On                 ; On                 ;
; Auto Open-Drain Pins                                                            ; On                 ; On                 ;
; Perform WYSIWYG Primitive Resynthesis                                           ; Off                ; Off                ;
; Auto ROM Replacement                                                            ; On                 ; On                 ;
; Auto RAM Replacement                                                            ; On                 ; On                 ;
; Auto DSP Block Replacement                                                      ; On                 ; On                 ;
; Auto Shift Register Replacement                                                 ; Auto               ; Auto               ;
; Allow Shift Register Merging across Hierarchies                                 ; Auto               ; Auto               ;
; Auto Clock Enable Replacement                                                   ; On                 ; On                 ;
; Strict RAM Replacement                                                          ; Off                ; Off                ;
; Allow Synchronous Control Signals                                               ; On                 ; On                 ;
; Force Use of Synchronous Clear Signals                                          ; Off                ; Off                ;
; Auto Resource Sharing                                                           ; Off                ; Off                ;
; Allow Any RAM Size For Recognition                                              ; Off                ; Off                ;
; Allow Any ROM Size For Recognition                                              ; Off                ; Off                ;
; Allow Any Shift Register Size For Recognition                                   ; Off                ; Off                ;
; Use LogicLock Constraints during Resource Balancing                             ; On                 ; On                 ;
; Ignore translate_off and synthesis_off directives                               ; Off                ; Off                ;
; Timing-Driven Synthesis                                                         ; On                 ; On                 ;
; Report Parameter Settings                                                       ; On                 ; On                 ;
; Report Source Assignments                                                       ; On                 ; On                 ;
; Report Connectivity Checks                                                      ; On                 ; On                 ;
; Ignore Maximum Fan-Out Assignments                                              ; Off                ; Off                ;
; Synchronization Register Chain Length                                           ; 3                  ; 3                  ;
; Power Optimization During Synthesis                                             ; Normal compilation ; Normal compilation ;
; HDL message level                                                               ; Level2             ; Level2             ;
; Suppress Register Optimization Related Messages                                 ; Off                ; Off                ;
; Number of Removed Registers Reported in Synthesis Report                        ; 5000               ; 5000               ;
; Number of Swept Nodes Reported in Synthesis Report                              ; 5000               ; 5000               ;
; Number of Inverted Registers Reported in Synthesis Report                       ; 100                ; 100                ;
; Clock MUX Protection                                                            ; On                 ; On                 ;
; Auto Gated Clock Conversion                                                     ; Off                ; Off                ;
; Block Design Naming                                                             ; Auto               ; Auto               ;
; SDC constraint protection                                                       ; Off                ; Off                ;
; Synthesis Effort                                                                ; Auto               ; Auto               ;
; Shift Register Replacement - Allow Asynchronous Clear Signal                    ; On                 ; On                 ;
; Pre-Mapping Resynthesis Optimization                                            ; Off                ; Off                ;
; Analysis & Synthesis Message Level                                              ; Medium             ; Medium             ;
; Disable Register Merging Across Hierarchies                                     ; Auto               ; Auto               ;
; Resource Aware Inference For Block RAM                                          ; On                 ; On                 ;
; Automatic Parallel Synthesis                                                    ; On                 ; On                 ;
; Partial Reconfiguration Bitstream ID                                            ; Off                ; Off                ;
+---------------------------------------------------------------------------------+--------------------+--------------------+


+------------------------------------------+
; Parallel Compilation                     ;
+----------------------------+-------------+
; Processors                 ; Number      ;
+----------------------------+-------------+
; Number detected on machine ; 12          ;
; Maximum allowed            ; 6           ;
;                            ;             ;
; Average used               ; 1.00        ;
; Maximum used               ; 6           ;
;                            ;             ;
; Usage by Processor         ; % Time Used ;
;     Processor 1            ; 100.0%      ;
;     Processors 2-6         ;   0.0%      ;
+----------------------------+-------------+


+----------------------------------------------------------------------------------------------------------------------------------------------------+
; Analysis & Synthesis Source Files Read                                                                                                             ;
+----------------------------------+-----------------+------------------------------+------------------------------------------------------+---------+
; File Name with User-Entered Path ; Used in Netlist ; File Type                    ; File Name with Absolute Path                         ; Library ;
+----------------------------------+-----------------+------------------------------+------------------------------------------------------+---------+
; ChipInterface.sv                 ; yes             ; User SystemVerilog HDL File  ; D:/kp/Compressed/lab4_alt/lab4_alt/ChipInterface.sv  ;         ;
; bcdtohex.sv                      ; yes             ; User SystemVerilog HDL File  ; D:/kp/Compressed/lab4_alt/lab4_alt/bcdtohex.sv       ;         ;
; stack.sv                         ; yes             ; User SystemVerilog HDL File  ; D:/kp/Compressed/lab4_alt/lab4_alt/stack.sv          ;         ;
; rpn_calculator.sv                ; yes             ; User SystemVerilog HDL File  ; D:/kp/Compressed/lab4_alt/lab4_alt/rpn_calculator.sv ;         ;
; converter.sv                     ; yes             ; User SystemVerilog HDL File  ; D:/kp/Compressed/lab4_alt/lab4_alt/converter.sv      ;         ;
; bin2bcd.v                        ; yes             ; User Verilog HDL File        ; D:/kp/Compressed/lab4_alt/lab4_alt/bin2bcd.v         ;         ;
+----------------------------------+-----------------+------------------------------+------------------------------------------------------+---------+


+-----------------------------------------------------+
; Analysis & Synthesis Resource Usage Summary         ;
+---------------------------------------------+-------+
; Resource                                    ; Usage ;
+---------------------------------------------+-------+
; Estimate of Logic utilization (ALMs needed) ; 138   ;
;                                             ;       ;
; Combinational ALUT usage for logic          ; 210   ;
;     -- 7 input functions                    ; 1     ;
;     -- 6 input functions                    ; 57    ;
;     -- 5 input functions                    ; 28    ;
;     -- 4 input functions                    ; 27    ;
;     -- <=3 input functions                  ; 97    ;
;                                             ;       ;
; Dedicated logic registers                   ; 175   ;
;                                             ;       ;
; I/O pins                                    ; 59    ;
;                                             ;       ;
; Total DSP Blocks                            ; 0     ;
;                                             ;       ;
; Maximum fan-out node                        ; clk   ;
; Maximum fan-out                             ; 143   ;
; Total fan-out                               ; 1428  ;
; Average fan-out                             ; 2.84  ;
+---------------------------------------------+-------+


+-----------------------------------------------------------------------------------------------------------------------------------------------------------------------------------------------------------------------------------------------+
; Analysis & Synthesis Resource Utilization by Entity                                                                                                                                                                                           ;
+--------------------------------+---------------------+---------------------------+-------------------+------------+------+--------------+---------------------------------------------------------------------+----------------+--------------+
; Compilation Hierarchy Node     ; Combinational ALUTs ; Dedicated Logic Registers ; Block Memory Bits ; DSP Blocks ; Pins ; Virtual Pins ; Full Hierarchy Name                                                 ; Entity Name    ; Library Name ;
+--------------------------------+---------------------+---------------------------+-------------------+------------+------+--------------+---------------------------------------------------------------------+----------------+--------------+
; |ChipInterface                 ; 210 (41)            ; 175 (33)                  ; 0                 ; 0          ; 59   ; 0            ; |ChipInterface                                                      ; ChipInterface  ; work         ;
;    |bcdtohex:dis0|             ; 7 (7)               ; 0 (0)                     ; 0                 ; 0          ; 0    ; 0            ; |ChipInterface|bcdtohex:dis0                                        ; bcdtohex       ; work         ;
;    |bcdtohex:dis1|             ; 7 (7)               ; 0 (0)                     ; 0                 ; 0          ; 0    ; 0            ; |ChipInterface|bcdtohex:dis1                                        ; bcdtohex       ; work         ;
;    |bcdtohex:dis2|             ; 3 (3)               ; 0 (0)                     ; 0                 ; 0          ; 0    ; 0            ; |ChipInterface|bcdtohex:dis2                                        ; bcdtohex       ; work         ;
;    |bin2bcd:conv|              ; 11 (11)             ; 0 (0)                     ; 0                 ; 0          ; 0    ; 0            ; |ChipInterface|bin2bcd:conv                                         ; bin2bcd        ; work         ;
;    |converter:rpn_cal|         ; 141 (72)            ; 142 (46)                  ; 0                 ; 0          ; 0    ; 0            ; |ChipInterface|converter:rpn_cal                                    ; converter      ; work         ;
;       |rpn_calculator:rpn_cal| ; 56 (41)             ; 76 (42)                   ; 0                 ; 0          ; 0    ; 0            ; |ChipInterface|converter:rpn_cal|rpn_calculator:rpn_cal             ; rpn_calculator ; work         ;
;          |stack:stack|         ; 15 (15)             ; 34 (34)                   ; 0                 ; 0          ; 0    ; 0            ; |ChipInterface|converter:rpn_cal|rpn_calculator:rpn_cal|stack:stack ; stack          ; work         ;
;       |stack:stack|            ; 13 (13)             ; 20 (20)                   ; 0                 ; 0          ; 0    ; 0            ; |ChipInterface|converter:rpn_cal|stack:stack                        ; stack          ; work         ;
+--------------------------------+---------------------+---------------------------+-------------------+------------+------+--------------+---------------------------------------------------------------------+----------------+--------------+
Note: For table entries with two numbers listed, the numbers in parentheses indicate the number of resources of the given type used by the specific entity alone. The numbers listed outside of parentheses indicate the total resources of the given type used by the specific entity and all of its sub-entities in the hierarchy.


Encoding Type:  One-Hot
+----------------------------------------------------------------------------------------------------------------------------------------------------------------------------------------------+
; State Machine - |ChipInterface|converter:rpn_cal|state                                                                                                                                       ;
+----------------+--------------+--------------+-------------+-----------+----------+------------+------------+------------+-----------+------------+----------------+------------+------------+
; Name           ; state.OUT_OP ; state.POP_OP ; state.ERROR ; state.FIN ; state.OP ; state.HOLD ; state.WAIT ; state.NUM2 ; state.POP ; state.PUSH ; state.PUSH_NUM ; state.NUM1 ; state.IDLE ;
+----------------+--------------+--------------+-------------+-----------+----------+------------+------------+------------+-----------+------------+----------------+------------+------------+
; state.IDLE     ; 0            ; 0            ; 0           ; 0         ; 0        ; 0          ; 0          ; 0          ; 0         ; 0          ; 0              ; 0          ; 0          ;
; state.NUM1     ; 0            ; 0            ; 0           ; 0         ; 0        ; 0          ; 0          ; 0          ; 0         ; 0          ; 0              ; 1          ; 1          ;
; state.PUSH_NUM ; 0            ; 0            ; 0           ; 0         ; 0        ; 0          ; 0          ; 0          ; 0         ; 0          ; 1              ; 0          ; 1          ;
; state.PUSH     ; 0            ; 0            ; 0           ; 0         ; 0        ; 0          ; 0          ; 0          ; 0         ; 1          ; 0              ; 0          ; 1          ;
; state.POP      ; 0            ; 0            ; 0           ; 0         ; 0        ; 0          ; 0          ; 0          ; 1         ; 0          ; 0              ; 0          ; 1          ;
; state.NUM2     ; 0            ; 0            ; 0           ; 0         ; 0        ; 0          ; 0          ; 1          ; 0         ; 0          ; 0              ; 0          ; 1          ;
; state.WAIT     ; 0            ; 0            ; 0           ; 0         ; 0        ; 0          ; 1          ; 0          ; 0         ; 0          ; 0              ; 0          ; 1          ;
; state.HOLD     ; 0            ; 0            ; 0           ; 0         ; 0        ; 1          ; 0          ; 0          ; 0         ; 0          ; 0              ; 0          ; 1          ;
; state.OP       ; 0            ; 0            ; 0           ; 0         ; 1        ; 0          ; 0          ; 0          ; 0         ; 0          ; 0              ; 0          ; 1          ;
; state.FIN      ; 0            ; 0            ; 0           ; 1         ; 0        ; 0          ; 0          ; 0          ; 0         ; 0          ; 0              ; 0          ; 1          ;
; state.ERROR    ; 0            ; 0            ; 1           ; 0         ; 0        ; 0          ; 0          ; 0          ; 0         ; 0          ; 0              ; 0          ; 1          ;
; state.POP_OP   ; 0            ; 1            ; 0           ; 0         ; 0        ; 0          ; 0          ; 0          ; 0         ; 0          ; 0              ; 0          ; 1          ;
; state.OUT_OP   ; 1            ; 0            ; 0           ; 0         ; 0        ; 0          ; 0          ; 0          ; 0         ; 0          ; 0              ; 0          ; 1          ;
+----------------+--------------+--------------+-------------+-----------+----------+------------+------------+------------+-----------+------------+----------------+------------+------------+


Encoding Type:  One-Hot
+------------------------------------------------------------------------------------------------------------------------------------+
; State Machine - |ChipInterface|converter:rpn_cal|rpn_calculator:rpn_cal|state                                                      ;
+-------------+-------------+------------+------------+------------+------------+------------+------------+------------+-------------+
; Name        ; state.WAIT2 ; state.WAIT ; state.DISP ; state.CAL3 ; state.CAL2 ; state.CAL1 ; state.PUSH ; state.IDLE ; state.WAIT3 ;
+-------------+-------------+------------+------------+------------+------------+------------+------------+------------+-------------+
; state.IDLE  ; 0           ; 0          ; 0          ; 0          ; 0          ; 0          ; 0          ; 0          ; 0           ;
; state.PUSH  ; 0           ; 0          ; 0          ; 0          ; 0          ; 0          ; 1          ; 1          ; 0           ;
; state.CAL1  ; 0           ; 0          ; 0          ; 0          ; 0          ; 1          ; 0          ; 1          ; 0           ;
; state.CAL2  ; 0           ; 0          ; 0          ; 0          ; 1          ; 0          ; 0          ; 1          ; 0           ;
; state.CAL3  ; 0           ; 0          ; 0          ; 1          ; 0          ; 0          ; 0          ; 1          ; 0           ;
; state.DISP  ; 0           ; 0          ; 1          ; 0          ; 0          ; 0          ; 0          ; 1          ; 0           ;
; state.WAIT  ; 0           ; 1          ; 0          ; 0          ; 0          ; 0          ; 0          ; 1          ; 0           ;
; state.WAIT2 ; 1           ; 0          ; 0          ; 0          ; 0          ; 0          ; 0          ; 1          ; 0           ;
; state.WAIT3 ; 0           ; 0          ; 0          ; 0          ; 0          ; 0          ; 0          ; 1          ; 1           ;
+-------------+-------------+------------+------------+------------+------------+------------+------------+------------+-------------+


+--------------------------------------------------------------------------------------------------------+
; Registers Removed During Synthesis                                                                     ;
+---------------------------------------------------------------+----------------------------------------+
; Register name                                                 ; Reason for Removal                     ;
+---------------------------------------------------------------+----------------------------------------+
; converter:rpn_cal|temp[5,6]                                   ; Merged with converter:rpn_cal|temp[4]  ;
; converter:rpn_cal|temp2[5,6]                                  ; Merged with converter:rpn_cal|temp2[4] ;
; converter:rpn_cal|temp2[4]                                    ; Stuck at GND due to stuck port data_in ;
; converter:rpn_cal|temp[4]                                     ; Stuck at GND due to stuck port data_in ;
; converter:rpn_cal|state~2                                     ; Lost fanout                            ;
; converter:rpn_cal|state~3                                     ; Lost fanout                            ;
; converter:rpn_cal|state~4                                     ; Lost fanout                            ;
; converter:rpn_cal|state~5                                     ; Lost fanout                            ;
; converter:rpn_cal|rpn_calculator:rpn_cal|state~11             ; Lost fanout                            ;
; converter:rpn_cal|rpn_calculator:rpn_cal|state~12             ; Lost fanout                            ;
; converter:rpn_cal|rpn_calculator:rpn_cal|state~13             ; Lost fanout                            ;
; converter:rpn_cal|rpn_calculator:rpn_cal|stack:stack|ptr[2,3] ; Lost fanout                            ;
; Total Number of Removed Registers = 15                        ;                                        ;
+---------------------------------------------------------------+----------------------------------------+


+------------------------------------------------------+
; General Register Statistics                          ;
+----------------------------------------------+-------+
; Statistic                                    ; Value ;
+----------------------------------------------+-------+
; Total registers                              ; 175   ;
; Number of registers using Synchronous Clear  ; 66    ;
; Number of registers using Synchronous Load   ; 0     ;
; Number of registers using Asynchronous Clear ; 6     ;
; Number of registers using Asynchronous Load  ; 0     ;
; Number of registers using Clock Enable       ; 97    ;
; Number of registers using Preset             ; 0     ;
+----------------------------------------------+-------+


+------------------------------------------------------------------------------------------------------------------------------------------------------------------------------------------+
; Multiplexer Restructuring Statistics (Restructuring Performed)                                                                                                                           ;
+--------------------+-----------+---------------+----------------------+------------------------+------------+----------------------------------------------------------------------------+
; Multiplexer Inputs ; Bus Width ; Baseline Area ; Area if Restructured ; Saving if Restructured ; Registered ; Example Multiplexer Output                                                 ;
+--------------------+-----------+---------------+----------------------+------------------------+------------+----------------------------------------------------------------------------+
; 3:1                ; 8 bits    ; 16 LEs        ; 0 LEs                ; 16 LEs                 ; Yes        ; |ChipInterface|converter:rpn_cal|rpn_calculator:rpn_cal|output_data[7]     ;
; 3:1                ; 3 bits    ; 6 LEs         ; 3 LEs                ; 3 LEs                  ; Yes        ; |ChipInterface|converter:rpn_cal|stack:stack|ptr[1]                        ;
; 3:1                ; 32 bits   ; 64 LEs        ; 0 LEs                ; 64 LEs                 ; Yes        ; |ChipInterface|count[18]                                                   ;
; 3:1                ; 3 bits    ; 6 LEs         ; 3 LEs                ; 3 LEs                  ; Yes        ; |ChipInterface|converter:rpn_cal|rpn_calculator:rpn_cal|stack:stack|ptr[1] ;
; 3:1                ; 7 bits    ; 14 LEs        ; 7 LEs                ; 7 LEs                  ; Yes        ; |ChipInterface|converter:rpn_cal|rpn_calculator:rpn_cal|in[4]              ;
; 5:1                ; 4 bits    ; 12 LEs        ; 8 LEs                ; 4 LEs                  ; Yes        ; |ChipInterface|converter:rpn_cal|out[7]                                    ;
; 5:1                ; 3 bits    ; 9 LEs         ; 6 LEs                ; 3 LEs                  ; Yes        ; |ChipInterface|converter:rpn_cal|out[1]                                    ;
; 5:1                ; 4 bits    ; 12 LEs        ; 8 LEs                ; 4 LEs                  ; Yes        ; |ChipInterface|converter:rpn_cal|output_data[2]                            ;
; 5:1                ; 2 bits    ; 6 LEs         ; 6 LEs                ; 0 LEs                  ; No         ; |ChipInterface|converter:rpn_cal|rpn_calculator:rpn_cal|state              ;
+--------------------+-----------+---------------+----------------------+------------------------+------------+----------------------------------------------------------------------------+


+-------------------------------------------------------------------------------+
; Parameter Settings for User Entity Instance: Top-level Entity: |ChipInterface ;
+----------------+----------+---------------------------------------------------+
; Parameter Name ; Value    ; Type                                              ;
+----------------+----------+---------------------------------------------------+
; DIV_FACTOR     ; 25000000 ; Signed Integer                                    ;
+----------------+----------+---------------------------------------------------+
Note: In order to hide this table in the UI and the text report file, please set the "Show Parameter Settings in Synthesis Report" option in "Analysis and Synthesis Settings -> More Settings" to "Off".


+----------------------------------------------------------------------------+
; Parameter Settings for User Entity Instance: converter:rpn_cal|stack:stack ;
+----------------+-------+---------------------------------------------------+
; Parameter Name ; Value ; Type                                              ;
+----------------+-------+---------------------------------------------------+
; WIDTH          ; 4     ; Signed Integer                                    ;
; DEPTH          ; 4     ; Signed Integer                                    ;
+----------------+-------+---------------------------------------------------+
Note: In order to hide this table in the UI and the text report file, please set the "Show Parameter Settings in Synthesis Report" option in "Analysis and Synthesis Settings -> More Settings" to "Off".


+---------------------------------------------------------------------------------------------------+
; Parameter Settings for User Entity Instance: converter:rpn_cal|rpn_calculator:rpn_cal|stack:stack ;
+----------------+-------+--------------------------------------------------------------------------+
; Parameter Name ; Value ; Type                                                                     ;
+----------------+-------+--------------------------------------------------------------------------+
; WIDTH          ; 8     ; Signed Integer                                                           ;
; DEPTH          ; 4     ; Signed Integer                                                           ;
+----------------+-------+--------------------------------------------------------------------------+
Note: In order to hide this table in the UI and the text report file, please set the "Show Parameter Settings in Synthesis Report" option in "Analysis and Synthesis Settings -> More Settings" to "Off".


+-----------------------------------------------------------------------------------------------------------------------+
; Port Connectivity Checks: "bin2bcd:conv"                                                                              ;
+-------------+--------+----------+-------------------------------------------------------------------------------------+
; Port        ; Type   ; Severity ; Details                                                                             ;
+-------------+--------+----------+-------------------------------------------------------------------------------------+
; bin[13..8]  ; Input  ; Info     ; Stuck at GND                                                                        ;
; bcd[15..12] ; Output ; Info     ; Connected to dangling logic. Logic that only feeds a dangling port will be removed. ;
+-------------+--------+----------+-------------------------------------------------------------------------------------+


+----------------------------------------------------------------------------------------------------------------+
; Port Connectivity Checks: "converter:rpn_cal|rpn_calculator:rpn_cal|stack:stack"                               ;
+------+--------+----------+-------------------------------------------------------------------------------------+
; Port ; Type   ; Severity ; Details                                                                             ;
+------+--------+----------+-------------------------------------------------------------------------------------+
; len  ; Output ; Info     ; Connected to dangling logic. Logic that only feeds a dangling port will be removed. ;
+------+--------+----------+-------------------------------------------------------------------------------------+


+-----------------------------------------------------+
; Post-Synthesis Netlist Statistics for Top Partition ;
+-----------------------+-----------------------------+
; Type                  ; Count                       ;
+-----------------------+-----------------------------+
; arriav_ff             ; 175                         ;
;     CLR               ; 2                           ;
;     ENA               ; 85                          ;
;     ENA CLR           ; 4                           ;
;     ENA SCLR          ; 8                           ;
;     SCLR              ; 58                          ;
;     plain             ; 18                          ;
; arriav_lcell_comb     ; 218                         ;
;     arith             ; 53                          ;
;         0 data inputs ; 1                           ;
;         1 data inputs ; 34                          ;
;         2 data inputs ; 13                          ;
;         3 data inputs ; 5                           ;
;     extend            ; 1                           ;
;         7 data inputs ; 1                           ;
;     normal            ; 156                         ;
;         0 data inputs ; 1                           ;
;         1 data inputs ; 9                           ;
;         2 data inputs ; 18                          ;
;         3 data inputs ; 16                          ;
;         4 data inputs ; 27                          ;
;         5 data inputs ; 28                          ;
;         6 data inputs ; 57                          ;
;     shared            ; 8                           ;
;         0 data inputs ; 1                           ;
;         2 data inputs ; 7                           ;
; boundary_port         ; 59                          ;
;                       ;                             ;
; Max LUT depth         ; 4.10                        ;
; Average LUT depth     ; 2.25                        ;
+-----------------------+-----------------------------+


+-------------------------------+
; Elapsed Time Per Partition    ;
+----------------+--------------+
; Partition Name ; Elapsed Time ;
+----------------+--------------+
; Top            ; 00:00:04     ;
+----------------+--------------+


+-------------------------------+
; Analysis & Synthesis Messages ;
+-------------------------------+
Info: *******************************************************************
Info: Running Quartus Prime Analysis & Synthesis
    Info: Version 23.1std.1 Build 993 05/14/2024 SC Lite Edition
    Info: Processing started: Mon Apr 28 18:28:48 2025
Info: Command: quartus_map --read_settings_files=on --write_settings_files=off rpn -c rpn
Warning (18236): Number of processors has not been specified which may cause overloading on shared machines.  Set the global assignment NUM_PARALLEL_PROCESSORS in your QSF to an appropriate value for best performance.
Info (20030): Parallel compilation is enabled and will use 6 of the 6 processors detected
Info (12021): Found 1 design units, including 1 entities, in source file chipinterface.sv
    Info (12023): Found entity 1: ChipInterface File: D:/kp/Compressed/lab4_alt/lab4_alt/ChipInterface.sv Line: 5
Info (12021): Found 1 design units, including 1 entities, in source file bcdtohex.sv
    Info (12023): Found entity 1: bcdtohex File: D:/kp/Compressed/lab4_alt/lab4_alt/bcdtohex.sv Line: 1
Info (12021): Found 1 design units, including 1 entities, in source file stack.sv
    Info (12023): Found entity 1: stack File: D:/kp/Compressed/lab4_alt/lab4_alt/stack.sv Line: 1
Info (12021): Found 1 design units, including 1 entities, in source file rpn_calculator.sv
    Info (12023): Found entity 1: rpn_calculator File: D:/kp/Compressed/lab4_alt/lab4_alt/rpn_calculator.sv Line: 6
Info (12021): Found 1 design units, including 1 entities, in source file converter.sv
    Info (12023): Found entity 1: converter File: D:/kp/Compressed/lab4_alt/lab4_alt/converter.sv Line: 5
Info (12021): Found 1 design units, including 1 entities, in source file bin2bcd.v
    Info (12023): Found entity 1: bin2bcd File: D:/kp/Compressed/lab4_alt/lab4_alt/bin2bcd.v Line: 1
Warning (10236): Verilog HDL Implicit Net warning at rpn_calculator.sv(36): created implicit net for "is_equal" File: D:/kp/Compressed/lab4_alt/lab4_alt/rpn_calculator.sv Line: 36
Warning (10236): Verilog HDL Implicit Net warning at converter.sv(51): created implicit net for "is_num" File: D:/kp/Compressed/lab4_alt/lab4_alt/converter.sv Line: 51
Warning (10236): Verilog HDL Implicit Net warning at converter.sv(52): created implicit net for "is_op" File: D:/kp/Compressed/lab4_alt/lab4_alt/converter.sv Line: 52
Warning (10236): Verilog HDL Implicit Net warning at converter.sv(53): created implicit net for "is_equal" File: D:/kp/Compressed/lab4_alt/lab4_alt/converter.sv Line: 53
Warning (10236): Verilog HDL Implicit Net warning at converter.sv(54): created implicit net for "is_null" File: D:/kp/Compressed/lab4_alt/lab4_alt/converter.sv Line: 54
Info (12127): Elaborating entity "ChipInterface" for the top level hierarchy
Warning (10034): Output port "LEDR[8..2]" at ChipInterface.sv(9) has no driver File: D:/kp/Compressed/lab4_alt/lab4_alt/ChipInterface.sv Line: 9
Warning (10034): Output port "HEX5" at ChipInterface.sv(10) has no driver File: D:/kp/Compressed/lab4_alt/lab4_alt/ChipInterface.sv Line: 10
Warning (10034): Output port "HEX4" at ChipInterface.sv(10) has no driver File: D:/kp/Compressed/lab4_alt/lab4_alt/ChipInterface.sv Line: 10
Warning (10034): Output port "HEX3" at ChipInterface.sv(10) has no driver File: D:/kp/Compressed/lab4_alt/lab4_alt/ChipInterface.sv Line: 10
Info (12128): Elaborating entity "converter" for hierarchy "converter:rpn_cal" File: D:/kp/Compressed/lab4_alt/lab4_alt/ChipInterface.sv Line: 27
Warning (10036): Verilog HDL or VHDL warning at converter.sv(54): object "is_null" assigned a value but never read File: D:/kp/Compressed/lab4_alt/lab4_alt/converter.sv Line: 54
Warning (10230): Verilog HDL assignment warning at converter.sv(100): truncated value with size 32 to match size of target (8) File: D:/kp/Compressed/lab4_alt/lab4_alt/converter.sv Line: 100
Warning (10230): Verilog HDL assignment warning at converter.sv(114): truncated value with size 32 to match size of target (7) File: D:/kp/Compressed/lab4_alt/lab4_alt/converter.sv Line: 114
Info (12128): Elaborating entity "stack" for hierarchy "converter:rpn_cal|stack:stack" File: D:/kp/Compressed/lab4_alt/lab4_alt/converter.sv Line: 188
Warning (10230): Verilog HDL assignment warning at stack.sv(24): truncated value with size 32 to match size of target (4) File: D:/kp/Compressed/lab4_alt/lab4_alt/stack.sv Line: 24
Warning (10230): Verilog HDL assignment warning at stack.sv(26): truncated value with size 32 to match size of target (4) File: D:/kp/Compressed/lab4_alt/lab4_alt/stack.sv Line: 26
Info (12128): Elaborating entity "rpn_calculator" for hierarchy "converter:rpn_cal|rpn_calculator:rpn_cal" File: D:/kp/Compressed/lab4_alt/lab4_alt/converter.sv Line: 198
Warning (10230): Verilog HDL assignment warning at rpn_calculator.sv(72): truncated value with size 8 to match size of target (7) File: D:/kp/Compressed/lab4_alt/lab4_alt/rpn_calculator.sv Line: 72
Warning (10230): Verilog HDL assignment warning at rpn_calculator.sv(81): truncated value with size 8 to match size of target (7) File: D:/kp/Compressed/lab4_alt/lab4_alt/rpn_calculator.sv Line: 81
Info (12128): Elaborating entity "stack" for hierarchy "converter:rpn_cal|rpn_calculator:rpn_cal|stack:stack" File: D:/kp/Compressed/lab4_alt/lab4_alt/rpn_calculator.sv Line: 127
Warning (10230): Verilog HDL assignment warning at stack.sv(24): truncated value with size 32 to match size of target (4) File: D:/kp/Compressed/lab4_alt/lab4_alt/stack.sv Line: 24
Warning (10230): Verilog HDL assignment warning at stack.sv(26): truncated value with size 32 to match size of target (4) File: D:/kp/Compressed/lab4_alt/lab4_alt/stack.sv Line: 26
Info (12128): Elaborating entity "bin2bcd" for hierarchy "bin2bcd:conv" File: D:/kp/Compressed/lab4_alt/lab4_alt/ChipInterface.sv Line: 29
Warning (10230): Verilog HDL assignment warning at bin2bcd.v(11): truncated value with size 32 to match size of target (4) File: D:/kp/Compressed/lab4_alt/lab4_alt/bin2bcd.v Line: 11
Warning (10230): Verilog HDL assignment warning at bin2bcd.v(12): truncated value with size 32 to match size of target (4) File: D:/kp/Compressed/lab4_alt/lab4_alt/bin2bcd.v Line: 12
Warning (10230): Verilog HDL assignment warning at bin2bcd.v(13): truncated value with size 32 to match size of target (4) File: D:/kp/Compressed/lab4_alt/lab4_alt/bin2bcd.v Line: 13
Warning (10230): Verilog HDL assignment warning at bin2bcd.v(14): truncated value with size 32 to match size of target (4) File: D:/kp/Compressed/lab4_alt/lab4_alt/bin2bcd.v Line: 14
Info (12128): Elaborating entity "bcdtohex" for hierarchy "bcdtohex:dis0" File: D:/kp/Compressed/lab4_alt/lab4_alt/ChipInterface.sv Line: 31
Info (276014): Found 2 instances of uninferred RAM logic
    Info (276004): RAM logic "converter:rpn_cal|rpn_calculator:rpn_cal|stack:stack|stack" is uninferred due to inappropriate RAM size File: D:/kp/Compressed/lab4_alt/lab4_alt/stack.sv Line: 18
    Info (276004): RAM logic "converter:rpn_cal|stack:stack|stack" is uninferred due to inappropriate RAM size File: D:/kp/Compressed/lab4_alt/lab4_alt/stack.sv Line: 18
Warning (13024): Output pins are stuck at VCC or GND
    Warning (13410): Pin "LEDR[2]" is stuck at GND File: D:/kp/Compressed/lab4_alt/lab4_alt/ChipInterface.sv Line: 9
    Warning (13410): Pin "LEDR[3]" is stuck at GND File: D:/kp/Compressed/lab4_alt/lab4_alt/ChipInterface.sv Line: 9
    Warning (13410): Pin "LEDR[4]" is stuck at GND File: D:/kp/Compressed/lab4_alt/lab4_alt/ChipInterface.sv Line: 9
    Warning (13410): Pin "LEDR[5]" is stuck at GND File: D:/kp/Compressed/lab4_alt/lab4_alt/ChipInterface.sv Line: 9
    Warning (13410): Pin "LEDR[6]" is stuck at GND File: D:/kp/Compressed/lab4_alt/lab4_alt/ChipInterface.sv Line: 9
    Warning (13410): Pin "LEDR[7]" is stuck at GND File: D:/kp/Compressed/lab4_alt/lab4_alt/ChipInterface.sv Line: 9
    Warning (13410): Pin "LEDR[8]" is stuck at GND File: D:/kp/Compressed/lab4_alt/lab4_alt/ChipInterface.sv Line: 9
    Warning (13410): Pin "HEX5[0]" is stuck at GND File: D:/kp/Compressed/lab4_alt/lab4_alt/ChipInterface.sv Line: 10
    Warning (13410): Pin "HEX5[1]" is stuck at GND File: D:/kp/Compressed/lab4_alt/lab4_alt/ChipInterface.sv Line: 10
    Warning (13410): Pin "HEX5[2]" is stuck at GND File: D:/kp/Compressed/lab4_alt/lab4_alt/ChipInterface.sv Line: 10
    Warning (13410): Pin "HEX5[3]" is stuck at GND File: D:/kp/Compressed/lab4_alt/lab4_alt/ChipInterface.sv Line: 10
    Warning (13410): Pin "HEX5[4]" is stuck at GND File: D:/kp/Compressed/lab4_alt/lab4_alt/ChipInterface.sv Line: 10
    Warning (13410): Pin "HEX5[5]" is stuck at GND File: D:/kp/Compressed/lab4_alt/lab4_alt/ChipInterface.sv Line: 10
    Warning (13410): Pin "HEX5[6]" is stuck at GND File: D:/kp/Compressed/lab4_alt/lab4_alt/ChipInterface.sv Line: 10
    Warning (13410): Pin "HEX4[0]" is stuck at GND File: D:/kp/Compressed/lab4_alt/lab4_alt/ChipInterface.sv Line: 10
    Warning (13410): Pin "HEX4[1]" is stuck at GND File: D:/kp/Compressed/lab4_alt/lab4_alt/ChipInterface.sv Line: 10
    Warning (13410): Pin "HEX4[2]" is stuck at GND File: D:/kp/Compressed/lab4_alt/lab4_alt/ChipInterface.sv Line: 10
    Warning (13410): Pin "HEX4[3]" is stuck at GND File: D:/kp/Compressed/lab4_alt/lab4_alt/ChipInterface.sv Line: 10
    Warning (13410): Pin "HEX4[4]" is stuck at GND File: D:/kp/Compressed/lab4_alt/lab4_alt/ChipInterface.sv Line: 10
    Warning (13410): Pin "HEX4[5]" is stuck at GND File: D:/kp/Compressed/lab4_alt/lab4_alt/ChipInterface.sv Line: 10
    Warning (13410): Pin "HEX4[6]" is stuck at GND File: D:/kp/Compressed/lab4_alt/lab4_alt/ChipInterface.sv Line: 10
    Warning (13410): Pin "HEX3[0]" is stuck at GND File: D:/kp/Compressed/lab4_alt/lab4_alt/ChipInterface.sv Line: 10
    Warning (13410): Pin "HEX3[1]" is stuck at GND File: D:/kp/Compressed/lab4_alt/lab4_alt/ChipInterface.sv Line: 10
    Warning (13410): Pin "HEX3[2]" is stuck at GND File: D:/kp/Compressed/lab4_alt/lab4_alt/ChipInterface.sv Line: 10
    Warning (13410): Pin "HEX3[3]" is stuck at GND File: D:/kp/Compressed/lab4_alt/lab4_alt/ChipInterface.sv Line: 10
    Warning (13410): Pin "HEX3[4]" is stuck at GND File: D:/kp/Compressed/lab4_alt/lab4_alt/ChipInterface.sv Line: 10
    Warning (13410): Pin "HEX3[5]" is stuck at GND File: D:/kp/Compressed/lab4_alt/lab4_alt/ChipInterface.sv Line: 10
    Warning (13410): Pin "HEX3[6]" is stuck at GND File: D:/kp/Compressed/lab4_alt/lab4_alt/ChipInterface.sv Line: 10
    Warning (13410): Pin "HEX2[1]" is stuck at GND File: D:/kp/Compressed/lab4_alt/lab4_alt/ChipInterface.sv Line: 10
Info (286030): Timing-Driven Synthesis is running
Info (17049): 9 registers lost all their fanouts during netlist optimizations.
Info (144001): Generated suppressed messages file D:/kp/Compressed/lab4_alt/lab4_alt/output_files/rpn.map.smsg
Info (16010): Generating hard_block partition "hard_block:auto_generated_inst"
    Info (16011): Adding 0 node(s), including 0 DDIO, 0 PLL, 0 transceiver and 0 LCELL
Info (21057): Implemented 343 device resources after synthesis - the final resource count might be different
    Info (21058): Implemented 8 input pins
    Info (21059): Implemented 51 output pins
    Info (21061): Implemented 284 logic cells
Info: Quartus Prime Analysis & Synthesis was successful. 0 errors, 53 warnings
    Info: Peak virtual memory: 4854 megabytes
    Info: Processing ended: Mon Apr 28 18:29:02 2025
    Info: Elapsed time: 00:00:14
    Info: Total CPU time (on all processors): 00:00:12


+------------------------------------------+
; Analysis & Synthesis Suppressed Messages ;
+------------------------------------------+
The suppressed messages can be found in D:/kp/Compressed/lab4_alt/lab4_alt/output_files/rpn.map.smsg.


