Analysis & Synthesis report for fpu
Sun May 25 13:34:58 2025
Quartus Prime Version 23.1std.1 Build 993 05/14/2024 SC Lite Edition


---------------------
; Table of Contents ;
---------------------
  1. Legal Notice
  2. Analysis & Synthesis Summary
  3. Analysis & Synthesis Settings
  4. Parallel Compilation
  5. Analysis & Synthesis Source Files Read
  6. Analysis & Synthesis Resource Usage Summary
  7. Analysis & Synthesis Resource Utilization by Entity
  8. Analysis & Synthesis DSP Block Usage Summary
  9. General Register Statistics
 10. Multiplexer Restructuring Statistics (Restructuring Performed)
 11. Parameter Settings for User Entity Instance: add_sub:U1|encode:Out
 12. Parameter Settings for User Entity Instance: mult:U2|encode:OUT
 13. Parameter Settings for User Entity Instance: div:U3|encode:Out
 14. Port Connectivity Checks: "div:U3|encode:Out"
 15. Port Connectivity Checks: "div:U3|decode:B_dec"
 16. Port Connectivity Checks: "div:U3|decode:A_dec"
 17. Port Connectivity Checks: "mult:U2|encode:OUT"
 18. Port Connectivity Checks: "mult:U2|decode:B_dec"
 19. Port Connectivity Checks: "mult:U2|decode:A_dec"
 20. Port Connectivity Checks: "add_sub:U1|encode:Out"
 21. Port Connectivity Checks: "add_sub:U1|decode:B_dec"
 22. Port Connectivity Checks: "add_sub:U1|decode:A_dec"
 23. Post-Synthesis Netlist Statistics for Top Partition
 24. Elapsed Time Per Partition
 25. Analysis & Synthesis Messages
 26. Analysis & Synthesis Suppressed Messages



----------------
; Legal Notice ;
----------------
Copyright (C) 2024  Intel Corporation. All rights reserved.
Your use of Intel Corporation's design tools, logic functions 
and other software and tools, and any partner logic 
functions, and any output files from any of the foregoing 
(including device programming or simulation files), and any 
associated documentation or information are expressly subject 
to the terms and conditions of the Intel Program License 
Subscription Agreement, the Intel Quartus Prime License Agreement,
the Intel FPGA IP License Agreement, or other applicable license
agreement, including, without limitation, that your use is for
the sole purpose of programming logic devices manufactured by
Intel and sold by Intel or its authorized distributors.  Please
refer to the applicable agreement for further details, at
https://fpgasoftware.intel.com/eula.



+----------------------------------------------------------------------------------+
; Analysis & Synthesis Summary                                                     ;
+---------------------------------+------------------------------------------------+
; Analysis & Synthesis Status     ; Successful - Sun May 25 13:34:58 2025          ;
; Quartus Prime Version           ; 23.1std.1 Build 993 05/14/2024 SC Lite Edition ;
; Revision Name                   ; fpu                                            ;
; Top-level Entity Name           ; fpu_top                                        ;
; Family                          ; Cyclone V                                      ;
; Logic utilization (in ALMs)     ; N/A                                            ;
; Total registers                 ; 141                                            ;
; Total pins                      ; 67                                             ;
; Total virtual pins              ; 0                                              ;
; Total block memory bits         ; 0                                              ;
; Total DSP Blocks                ; 1                                              ;
; Total HSSI RX PCSs              ; 0                                              ;
; Total HSSI PMA RX Deserializers ; 0                                              ;
; Total HSSI TX PCSs              ; 0                                              ;
; Total HSSI PMA TX Serializers   ; 0                                              ;
; Total PLLs                      ; 0                                              ;
; Total DLLs                      ; 0                                              ;
+---------------------------------+------------------------------------------------+


+---------------------------------------------------------------------------------------------------------------------------+
; Analysis & Synthesis Settings                                                                                             ;
+---------------------------------------------------------------------------------+--------------------+--------------------+
; Option                                                                          ; Setting            ; Default Value      ;
+---------------------------------------------------------------------------------+--------------------+--------------------+
; Device                                                                          ; 5CSXFC6D6F31C6     ;                    ;
; Top-level entity name                                                           ; fpu_top            ; fpu                ;
; Family name                                                                     ; Cyclone V          ; Cyclone V          ;
; Use smart compilation                                                           ; Off                ; Off                ;
; Enable parallel Assembler and Timing Analyzer during compilation                ; On                 ; On                 ;
; Enable compact report table                                                     ; Off                ; Off                ;
; Restructure Multiplexers                                                        ; Auto               ; Auto               ;
; MLAB Add Timing Constraints For Mixed-Port Feed-Through Mode Setting Don't Care ; Off                ; Off                ;
; Create Debugging Nodes for IP Cores                                             ; Off                ; Off                ;
; Preserve fewer node names                                                       ; On                 ; On                 ;
; Intel FPGA IP Evaluation Mode                                                   ; Enable             ; Enable             ;
; Verilog Version                                                                 ; Verilog_2001       ; Verilog_2001       ;
; VHDL Version                                                                    ; VHDL_1993          ; VHDL_1993          ;
; State Machine Processing                                                        ; Auto               ; Auto               ;
; Safe State Machine                                                              ; Off                ; Off                ;
; Extract Verilog State Machines                                                  ; On                 ; On                 ;
; Extract VHDL State Machines                                                     ; On                 ; On                 ;
; Ignore Verilog initial constructs                                               ; Off                ; Off                ;
; Iteration limit for constant Verilog loops                                      ; 5000               ; 5000               ;
; Iteration limit for non-constant Verilog loops                                  ; 250                ; 250                ;
; Add Pass-Through Logic to Inferred RAMs                                         ; On                 ; On                 ;
; Infer RAMs from Raw Logic                                                       ; On                 ; On                 ;
; Parallel Synthesis                                                              ; On                 ; On                 ;
; DSP Block Balancing                                                             ; Auto               ; Auto               ;
; NOT Gate Push-Back                                                              ; On                 ; On                 ;
; Power-Up Don't Care                                                             ; On                 ; On                 ;
; Remove Redundant Logic Cells                                                    ; Off                ; Off                ;
; Remove Duplicate Registers                                                      ; On                 ; On                 ;
; Ignore CARRY Buffers                                                            ; Off                ; Off                ;
; Ignore CASCADE Buffers                                                          ; Off                ; Off                ;
; Ignore GLOBAL Buffers                                                           ; Off                ; Off                ;
; Ignore ROW GLOBAL Buffers                                                       ; Off                ; Off                ;
; Ignore LCELL Buffers                                                            ; Off                ; Off                ;
; Ignore SOFT Buffers                                                             ; On                 ; On                 ;
; Limit AHDL Integers to 32 Bits                                                  ; Off                ; Off                ;
; Optimization Technique                                                          ; Balanced           ; Balanced           ;
; Carry Chain Length                                                              ; 70                 ; 70                 ;
; Auto Carry Chains                                                               ; On                 ; On                 ;
; Auto Open-Drain Pins                                                            ; On                 ; On                 ;
; Perform WYSIWYG Primitive Resynthesis                                           ; Off                ; Off                ;
; Auto ROM Replacement                                                            ; On                 ; On                 ;
; Auto RAM Replacement                                                            ; On                 ; On                 ;
; Auto DSP Block Replacement                                                      ; On                 ; On                 ;
; Auto Shift Register Replacement                                                 ; Auto               ; Auto               ;
; Allow Shift Register Merging across Hierarchies                                 ; Auto               ; Auto               ;
; Auto Clock Enable Replacement                                                   ; On                 ; On                 ;
; Strict RAM Replacement                                                          ; Off                ; Off                ;
; Allow Synchronous Control Signals                                               ; On                 ; On                 ;
; Force Use of Synchronous Clear Signals                                          ; Off                ; Off                ;
; Auto Resource Sharing                                                           ; Off                ; Off                ;
; Allow Any RAM Size For Recognition                                              ; Off                ; Off                ;
; Allow Any ROM Size For Recognition                                              ; Off                ; Off                ;
; Allow Any Shift Register Size For Recognition                                   ; Off                ; Off                ;
; Use LogicLock Constraints during Resource Balancing                             ; On                 ; On                 ;
; Ignore translate_off and synthesis_off directives                               ; Off                ; Off                ;
; Timing-Driven Synthesis                                                         ; On                 ; On                 ;
; Report Parameter Settings                                                       ; On                 ; On                 ;
; Report Source Assignments                                                       ; On                 ; On                 ;
; Report Connectivity Checks                                                      ; On                 ; On                 ;
; Ignore Maximum Fan-Out Assignments                                              ; Off                ; Off                ;
; Synchronization Register Chain Length                                           ; 3                  ; 3                  ;
; Power Optimization During Synthesis                                             ; Normal compilation ; Normal compilation ;
; HDL message level                                                               ; Level2             ; Level2             ;
; Suppress Register Optimization Related Messages                                 ; Off                ; Off                ;
; Number of Removed Registers Reported in Synthesis Report                        ; 5000               ; 5000               ;
; Number of Swept Nodes Reported in Synthesis Report                              ; 5000               ; 5000               ;
; Number of Inverted Registers Reported in Synthesis Report                       ; 100                ; 100                ;
; Clock MUX Protection                                                            ; On                 ; On                 ;
; Auto Gated Clock Conversion                                                     ; Off                ; Off                ;
; Block Design Naming                                                             ; Auto               ; Auto               ;
; SDC constraint protection                                                       ; Off                ; Off                ;
; Synthesis Effort                                                                ; Auto               ; Auto               ;
; Shift Register Replacement - Allow Asynchronous Clear Signal                    ; On                 ; On                 ;
; Pre-Mapping Resynthesis Optimization                                            ; Off                ; Off                ;
; Analysis & Synthesis Message Level                                              ; Medium             ; Medium             ;
; Disable Register Merging Across Hierarchies                                     ; Auto               ; Auto               ;
; Resource Aware Inference For Block RAM                                          ; On                 ; On                 ;
; Automatic Parallel Synthesis                                                    ; On                 ; On                 ;
; Partial Reconfiguration Bitstream ID                                            ; Off                ; Off                ;
+---------------------------------------------------------------------------------+--------------------+--------------------+


+------------------------------------------+
; Parallel Compilation                     ;
+----------------------------+-------------+
; Processors                 ; Number      ;
+----------------------------+-------------+
; Number detected on machine ; 12          ;
; Maximum allowed            ; 6           ;
;                            ;             ;
; Average used               ; 1.00        ;
; Maximum used               ; 6           ;
;                            ;             ;
; Usage by Processor         ; % Time Used ;
;     Processor 1            ; 100.0%      ;
;     Processor 2            ;   0.0%      ;
;     Processor 3            ;   0.0%      ;
;     Processor 4            ;   0.0%      ;
;     Processor 5            ;   0.0%      ;
;     Processor 6            ;   0.0%      ;
+----------------------------+-------------+


+-------------------------------------------------------------------------------------------------------------------------------------+
; Analysis & Synthesis Source Files Read                                                                                              ;
+----------------------------------+-----------------+------------------------------+---------------------------------------+---------+
; File Name with User-Entered Path ; Used in Netlist ; File Type                    ; File Name with Absolute Path          ; Library ;
+----------------------------------+-----------------+------------------------------+---------------------------------------+---------+
; fpu_top.sv                       ; yes             ; User SystemVerilog HDL File  ; D:/kp/Compressed/lab5/lab5/fpu_top.sv ;         ;
; add_sub.sv                       ; yes             ; User SystemVerilog HDL File  ; D:/kp/Compressed/lab5/lab5/add_sub.sv ;         ;
; decode.sv                        ; yes             ; User SystemVerilog HDL File  ; D:/kp/Compressed/lab5/lab5/decode.sv  ;         ;
; mult.sv                          ; yes             ; User SystemVerilog HDL File  ; D:/kp/Compressed/lab5/lab5/mult.sv    ;         ;
; encode.sv                        ; yes             ; User SystemVerilog HDL File  ; D:/kp/Compressed/lab5/lab5/encode.sv  ;         ;
; div.sv                           ; yes             ; User SystemVerilog HDL File  ; D:/kp/Compressed/lab5/lab5/div.sv     ;         ;
+----------------------------------+-----------------+------------------------------+---------------------------------------+---------+


+-----------------------------------------------------------+
; Analysis & Synthesis Resource Usage Summary               ;
+---------------------------------------------+-------------+
; Resource                                    ; Usage       ;
+---------------------------------------------+-------------+
; Estimate of Logic utilization (ALMs needed) ; 539         ;
;                                             ;             ;
; Combinational ALUT usage for logic          ; 928         ;
;     -- 7 input functions                    ; 15          ;
;     -- 6 input functions                    ; 122         ;
;     -- 5 input functions                    ; 168         ;
;     -- 4 input functions                    ; 284         ;
;     -- <=3 input functions                  ; 339         ;
;                                             ;             ;
; Dedicated logic registers                   ; 141         ;
;                                             ;             ;
; I/O pins                                    ; 67          ;
;                                             ;             ;
; Total DSP Blocks                            ; 1           ;
;                                             ;             ;
; Maximum fan-out node                        ; reset~input ;
; Maximum fan-out                             ; 145         ;
; Total fan-out                               ; 4553        ;
; Average fan-out                             ; 3.78        ;
+---------------------------------------------+-------------+


+-----------------------------------------------------------------------------------------------------------------------------------------------------------------------------------------------------+
; Analysis & Synthesis Resource Utilization by Entity                                                                                                                                                 ;
+----------------------------+---------------------+---------------------------+-------------------+------------+------+--------------+----------------------------------+-------------+--------------+
; Compilation Hierarchy Node ; Combinational ALUTs ; Dedicated Logic Registers ; Block Memory Bits ; DSP Blocks ; Pins ; Virtual Pins ; Full Hierarchy Name              ; Entity Name ; Library Name ;
+----------------------------+---------------------+---------------------------+-------------------+------------+------+--------------+----------------------------------+-------------+--------------+
; |fpu_top                   ; 928 (197)           ; 141 (141)                 ; 0                 ; 1          ; 67   ; 0            ; |fpu_top                         ; fpu_top     ; work         ;
;    |add_sub:U1|            ; 251 (206)           ; 0 (0)                     ; 0                 ; 0          ; 0    ; 0            ; |fpu_top|add_sub:U1              ; add_sub     ; work         ;
;       |decode:A_dec|       ; 23 (23)             ; 0 (0)                     ; 0                 ; 0          ; 0    ; 0            ; |fpu_top|add_sub:U1|decode:A_dec ; decode      ; work         ;
;       |decode:B_dec|       ; 22 (22)             ; 0 (0)                     ; 0                 ; 0          ; 0    ; 0            ; |fpu_top|add_sub:U1|decode:B_dec ; decode      ; work         ;
;    |div:U3|                ; 370 (314)           ; 0 (0)                     ; 0                 ; 0          ; 0    ; 0            ; |fpu_top|div:U3                  ; div         ; work         ;
;       |decode:A_dec|       ; 17 (17)             ; 0 (0)                     ; 0                 ; 0          ; 0    ; 0            ; |fpu_top|div:U3|decode:A_dec     ; decode      ; work         ;
;       |decode:B_dec|       ; 22 (22)             ; 0 (0)                     ; 0                 ; 0          ; 0    ; 0            ; |fpu_top|div:U3|decode:B_dec     ; decode      ; work         ;
;       |encode:Out|         ; 17 (17)             ; 0 (0)                     ; 0                 ; 0          ; 0    ; 0            ; |fpu_top|div:U3|encode:Out       ; encode      ; work         ;
;    |mult:U2|               ; 110 (41)            ; 0 (0)                     ; 0                 ; 1          ; 0    ; 0            ; |fpu_top|mult:U2                 ; mult        ; work         ;
;       |decode:A_dec|       ; 18 (18)             ; 0 (0)                     ; 0                 ; 0          ; 0    ; 0            ; |fpu_top|mult:U2|decode:A_dec    ; decode      ; work         ;
;       |decode:B_dec|       ; 21 (21)             ; 0 (0)                     ; 0                 ; 0          ; 0    ; 0            ; |fpu_top|mult:U2|decode:B_dec    ; decode      ; work         ;
;       |encode:OUT|         ; 30 (30)             ; 0 (0)                     ; 0                 ; 0          ; 0    ; 0            ; |fpu_top|mult:U2|encode:OUT      ; encode      ; work         ;
+----------------------------+---------------------+---------------------------+-------------------+------------+------+--------------+----------------------------------+-------------+--------------+
Note: For table entries with two numbers listed, the numbers in parentheses indicate the number of resources of the given type used by the specific entity alone. The numbers listed outside of parentheses indicate the total resources of the given type used by the specific entity and all of its sub-entities in the hierarchy.


+-----------------------------------------------+
; Analysis & Synthesis DSP Block Usage Summary  ;
+---------------------------------+-------------+
; Statistic                       ; Number Used ;
+---------------------------------+-------------+
; Two Independent 18x18           ; 1           ;
; Total number of DSP blocks      ; 1           ;
;                                 ;             ;
; Fixed Point Unsigned Multiplier ; 1           ;
+---------------------------------+-------------+


+------------------------------------------------------+
; General Register Statistics                          ;
+----------------------------------------------+-------+
; Statistic                                    ; Value ;
+----------------------------------------------+-------+
; Total registers                              ; 141   ;
; Number of registers using Synchronous Clear  ; 138   ;
; Number of registers using Synchronous Load   ; 0     ;
; Number of registers using Asynchronous Clear ; 0     ;
; Number of registers using Asynchronous Load  ; 0     ;
; Number of registers using Clock Enable       ; 137   ;
; Number of registers using Preset             ; 0     ;
+----------------------------------------------+-------+


+-----------------------------------------------------------------------------------------------------------------------------------------------+
; Multiplexer Restructuring Statistics (Restructuring Performed)                                                                                ;
+--------------------+-----------+---------------+----------------------+------------------------+------------+---------------------------------+
; Multiplexer Inputs ; Bus Width ; Baseline Area ; Area if Restructured ; Saving if Restructured ; Registered ; Example Multiplexer Output      ;
+--------------------+-----------+---------------+----------------------+------------------------+------------+---------------------------------+
; 3:1                ; 38 bits   ; 76 LEs        ; 0 LEs                ; 76 LEs                 ; Yes        ; |fpu_top|in_a_div[0]            ;
; 3:1                ; 38 bits   ; 76 LEs        ; 0 LEs                ; 76 LEs                 ; Yes        ; |fpu_top|in_b_mult[4]           ;
; 3:1                ; 37 bits   ; 74 LEs        ; 0 LEs                ; 74 LEs                 ; Yes        ; |fpu_top|in_b_add[15]           ;
; 23:1               ; 2 bits    ; 30 LEs        ; 28 LEs               ; 2 LEs                  ; Yes        ; |fpu_top|flags[0]~reg0          ;
; 34:1               ; 8 bits    ; 176 LEs       ; 144 LEs              ; 32 LEs                 ; Yes        ; |fpu_top|result[15]~reg0        ;
; 46:1               ; 6 bits    ; 180 LEs       ; 156 LEs              ; 24 LEs                 ; Yes        ; |fpu_top|result[3]~reg0         ;
; 4:1                ; 4 bits    ; 8 LEs         ; 8 LEs                ; 0 LEs                  ; No         ; |fpu_top|add_sub:U1|ShiftRight1 ;
; 4:1                ; 4 bits    ; 8 LEs         ; 8 LEs                ; 0 LEs                  ; No         ; |fpu_top|add_sub:U1|ShiftRight0 ;
; 4:1                ; 9 bits    ; 18 LEs        ; 18 LEs               ; 0 LEs                  ; No         ; |fpu_top|add_sub:U1|ShiftRight2 ;
; 3:1                ; 3 bits    ; 6 LEs         ; 6 LEs                ; 0 LEs                  ; No         ; |fpu_top|add_sub:U1|norm_m      ;
; 4:1                ; 3 bits    ; 6 LEs         ; 6 LEs                ; 0 LEs                  ; No         ; |fpu_top|add_sub:U1|norm_m      ;
; 4:1                ; 3 bits    ; 6 LEs         ; 6 LEs                ; 0 LEs                  ; No         ; |fpu_top|add_sub:U1|norm_m      ;
; 5:1                ; 10 bits   ; 30 LEs        ; 30 LEs               ; 0 LEs                  ; No         ; |fpu_top|mult:U2|t_e[8]         ;
; 5:1                ; 10 bits   ; 30 LEs        ; 30 LEs               ; 0 LEs                  ; No         ; |fpu_top|add_sub:U1|t_m         ;
; 6:1                ; 11 bits   ; 44 LEs        ; 44 LEs               ; 0 LEs                  ; No         ; |fpu_top|add_sub:U1|t_m[11]     ;
; 6:1                ; 20 bits   ; 80 LEs        ; 80 LEs               ; 0 LEs                  ; No         ; |fpu_top|mult:U2|t_m[11]        ;
; 6:1                ; 4 bits    ; 16 LEs        ; 16 LEs               ; 0 LEs                  ; No         ; No name available in netlist    ;
; 7:1                ; 9 bits    ; 36 LEs        ; 36 LEs               ; 0 LEs                  ; No         ; |fpu_top|add_sub:U1|t_e[2]      ;
; 10:1               ; 3 bits    ; 18 LEs        ; 15 LEs               ; 3 LEs                  ; No         ; No name available in netlist    ;
; 9:1                ; 10 bits   ; 60 LEs        ; 60 LEs               ; 0 LEs                  ; No         ; |fpu_top|div:U3|t_e[3]          ;
; 10:1               ; 11 bits   ; 66 LEs        ; 66 LEs               ; 0 LEs                  ; No         ; |fpu_top|div:U3|in_m[14]        ;
; 10:1               ; 11 bits   ; 66 LEs        ; 66 LEs               ; 0 LEs                  ; No         ; |fpu_top|div:U3|in_m[7]         ;
; 16:1               ; 3 bits    ; 30 LEs        ; 30 LEs               ; 0 LEs                  ; No         ; No name available in netlist    ;
+--------------------+-----------+---------------+----------------------+------------------------+------------+---------------------------------+


+--------------------------------------------------------------------+
; Parameter Settings for User Entity Instance: add_sub:U1|encode:Out ;
+----------------+-------+-------------------------------------------+
; Parameter Name ; Value ; Type                                      ;
+----------------+-------+-------------------------------------------+
; M              ; 22    ; Signed Integer                            ;
+----------------+-------+-------------------------------------------+
Note: In order to hide this table in the UI and the text report file, please set the "Show Parameter Settings in Synthesis Report" option in "Analysis and Synthesis Settings -> More Settings" to "Off".


+-----------------------------------------------------------------+
; Parameter Settings for User Entity Instance: mult:U2|encode:OUT ;
+----------------+-------+----------------------------------------+
; Parameter Name ; Value ; Type                                   ;
+----------------+-------+----------------------------------------+
; M              ; 22    ; Signed Integer                         ;
+----------------+-------+----------------------------------------+
Note: In order to hide this table in the UI and the text report file, please set the "Show Parameter Settings in Synthesis Report" option in "Analysis and Synthesis Settings -> More Settings" to "Off".


+----------------------------------------------------------------+
; Parameter Settings for User Entity Instance: div:U3|encode:Out ;
+----------------+-------+---------------------------------------+
; Parameter Name ; Value ; Type                                  ;
+----------------+-------+---------------------------------------+
; M              ; 26    ; Signed Integer                        ;
+----------------+-------+---------------------------------------+
Note: In order to hide this table in the UI and the text report file, please set the "Show Parameter Settings in Synthesis Report" option in "Analysis and Synthesis Settings -> More Settings" to "Off".


+--------------------------------------------------------------------------------------------------------------------------------------------------------------------------------------------------------+
; Port Connectivity Checks: "div:U3|encode:Out"                                                                                                                                                          ;
+----------+--------+----------+-------------------------------------------------------------------------------------------------------------------------------------------------------------------------+
; Port     ; Type   ; Severity ; Details                                                                                                                                                                 ;
+----------+--------+----------+-------------------------------------------------------------------------------------------------------------------------------------------------------------------------+
; in_m[25] ; Input  ; Info     ; Stuck at GND                                                                                                                                                            ;
; in_m[0]  ; Input  ; Info     ; Stuck at GND                                                                                                                                                            ;
; out_m    ; Output ; Warning  ; Output or bidir port (10 bits) is smaller than the port expression (11 bits) it drives.  The 1 most-significant bit(s) in the port expression will be connected to GND. ;
+----------+--------+----------+-------------------------------------------------------------------------------------------------------------------------------------------------------------------------+


+--------------------------------------------------------------------------------------------------------------------+
; Port Connectivity Checks: "div:U3|decode:B_dec"                                                                    ;
+----------+--------+----------+-------------------------------------------------------------------------------------+
; Port     ; Type   ; Severity ; Details                                                                             ;
+----------+--------+----------+-------------------------------------------------------------------------------------+
; sign     ; Output ; Info     ; Connected to dangling logic. Logic that only feeds a dangling port will be removed. ;
; normal   ; Output ; Info     ; Connected to dangling logic. Logic that only feeds a dangling port will be removed. ;
; denormal ; Output ; Info     ; Connected to dangling logic. Logic that only feeds a dangling port will be removed. ;
+----------+--------+----------+-------------------------------------------------------------------------------------+


+--------------------------------------------------------------------------------------------------------------------+
; Port Connectivity Checks: "div:U3|decode:A_dec"                                                                    ;
+----------+--------+----------+-------------------------------------------------------------------------------------+
; Port     ; Type   ; Severity ; Details                                                                             ;
+----------+--------+----------+-------------------------------------------------------------------------------------+
; sign     ; Output ; Info     ; Connected to dangling logic. Logic that only feeds a dangling port will be removed. ;
; normal   ; Output ; Info     ; Connected to dangling logic. Logic that only feeds a dangling port will be removed. ;
; denormal ; Output ; Info     ; Connected to dangling logic. Logic that only feeds a dangling port will be removed. ;
+----------+--------+----------+-------------------------------------------------------------------------------------+


+-----------------------------------------------------------------------------------------------------------------------------------------------------------------------------------------------------+
; Port Connectivity Checks: "mult:U2|encode:OUT"                                                                                                                                                      ;
+-------+--------+----------+-------------------------------------------------------------------------------------------------------------------------------------------------------------------------+
; Port  ; Type   ; Severity ; Details                                                                                                                                                                 ;
+-------+--------+----------+-------------------------------------------------------------------------------------------------------------------------------------------------------------------------+
; out_m ; Output ; Warning  ; Output or bidir port (10 bits) is smaller than the port expression (11 bits) it drives.  The 1 most-significant bit(s) in the port expression will be connected to GND. ;
+-------+--------+----------+-------------------------------------------------------------------------------------------------------------------------------------------------------------------------+


+--------------------------------------------------------------------------------------------------------------------+
; Port Connectivity Checks: "mult:U2|decode:B_dec"                                                                   ;
+----------+--------+----------+-------------------------------------------------------------------------------------+
; Port     ; Type   ; Severity ; Details                                                                             ;
+----------+--------+----------+-------------------------------------------------------------------------------------+
; sign     ; Output ; Info     ; Connected to dangling logic. Logic that only feeds a dangling port will be removed. ;
; normal   ; Output ; Info     ; Connected to dangling logic. Logic that only feeds a dangling port will be removed. ;
; denormal ; Output ; Info     ; Connected to dangling logic. Logic that only feeds a dangling port will be removed. ;
+----------+--------+----------+-------------------------------------------------------------------------------------+


+--------------------------------------------------------------------------------------------------------------------+
; Port Connectivity Checks: "mult:U2|decode:A_dec"                                                                   ;
+----------+--------+----------+-------------------------------------------------------------------------------------+
; Port     ; Type   ; Severity ; Details                                                                             ;
+----------+--------+----------+-------------------------------------------------------------------------------------+
; sign     ; Output ; Info     ; Connected to dangling logic. Logic that only feeds a dangling port will be removed. ;
; normal   ; Output ; Info     ; Connected to dangling logic. Logic that only feeds a dangling port will be removed. ;
; denormal ; Output ; Info     ; Connected to dangling logic. Logic that only feeds a dangling port will be removed. ;
+----------+--------+----------+-------------------------------------------------------------------------------------+


+---------------------------------------------------+
; Port Connectivity Checks: "add_sub:U1|encode:Out" ;
+-------------+-------+----------+------------------+
; Port        ; Type  ; Severity ; Details          ;
+-------------+-------+----------+------------------+
; in_m[10..0] ; Input ; Info     ; Stuck at GND     ;
+-------------+-------+----------+------------------+


+--------------------------------------------------------------------------------------------------------------------+
; Port Connectivity Checks: "add_sub:U1|decode:B_dec"                                                                ;
+----------+--------+----------+-------------------------------------------------------------------------------------+
; Port     ; Type   ; Severity ; Details                                                                             ;
+----------+--------+----------+-------------------------------------------------------------------------------------+
; normal   ; Output ; Info     ; Connected to dangling logic. Logic that only feeds a dangling port will be removed. ;
; denormal ; Output ; Info     ; Connected to dangling logic. Logic that only feeds a dangling port will be removed. ;
+----------+--------+----------+-------------------------------------------------------------------------------------+


+--------------------------------------------------------------------------------------------------------------------+
; Port Connectivity Checks: "add_sub:U1|decode:A_dec"                                                                ;
+----------+--------+----------+-------------------------------------------------------------------------------------+
; Port     ; Type   ; Severity ; Details                                                                             ;
+----------+--------+----------+-------------------------------------------------------------------------------------+
; normal   ; Output ; Info     ; Connected to dangling logic. Logic that only feeds a dangling port will be removed. ;
; denormal ; Output ; Info     ; Connected to dangling logic. Logic that only feeds a dangling port will be removed. ;
+----------+--------+----------+-------------------------------------------------------------------------------------+


+-----------------------------------------------------+
; Post-Synthesis Netlist Statistics for Top Partition ;
+-----------------------+-----------------------------+
; Type                  ; Count                       ;
+-----------------------+-----------------------------+
; arriav_ff             ; 141                         ;
;     ENA               ; 2                           ;
;     ENA SCLR          ; 135                         ;
;     SCLR              ; 3                           ;
;     plain             ; 1                           ;
; arriav_lcell_comb     ; 928                         ;
;     arith             ; 344                         ;
;         0 data inputs ; 10                          ;
;         1 data inputs ; 77                          ;
;         2 data inputs ; 3                           ;
;         3 data inputs ; 35                          ;
;         4 data inputs ; 174                         ;
;         5 data inputs ; 45                          ;
;     extend            ; 15                          ;
;         7 data inputs ; 15                          ;
;     normal            ; 557                         ;
;         2 data inputs ; 39                          ;
;         3 data inputs ; 164                         ;
;         4 data inputs ; 109                         ;
;         5 data inputs ; 123                         ;
;         6 data inputs ; 122                         ;
;     shared            ; 12                          ;
;         0 data inputs ; 1                           ;
;         2 data inputs ; 10                          ;
;         4 data inputs ; 1                           ;
; arriav_mac            ; 1                           ;
; boundary_port         ; 67                          ;
;                       ;                             ;
; Max LUT depth         ; 32.30                       ;
; Average LUT depth     ; 21.67                       ;
+-----------------------+-----------------------------+


+-------------------------------+
; Elapsed Time Per Partition    ;
+----------------+--------------+
; Partition Name ; Elapsed Time ;
+----------------+--------------+
; Top            ; 00:00:03     ;
+----------------+--------------+


+-------------------------------+
; Analysis & Synthesis Messages ;
+-------------------------------+
Info: *******************************************************************
Info: Running Quartus Prime Analysis & Synthesis
    Info: Version 23.1std.1 Build 993 05/14/2024 SC Lite Edition
    Info: Processing started: Sun May 25 13:34:47 2025
Info: Command: quartus_map --read_settings_files=on --write_settings_files=off fpu -c fpu
Warning (18236): Number of processors has not been specified which may cause overloading on shared machines.  Set the global assignment NUM_PARALLEL_PROCESSORS in your QSF to an appropriate value for best performance.
Info (20030): Parallel compilation is enabled and will use 6 of the 6 processors detected
Info (12021): Found 1 design units, including 1 entities, in source file fpu_top.sv
    Info (12023): Found entity 1: fpu_top File: D:/kp/Compressed/lab5/lab5/fpu_top.sv Line: 3
Info (12021): Found 1 design units, including 1 entities, in source file add_sub.sv
    Info (12023): Found entity 1: add_sub File: D:/kp/Compressed/lab5/lab5/add_sub.sv Line: 1
Info (12021): Found 1 design units, including 1 entities, in source file decode.sv
    Info (12023): Found entity 1: decode File: D:/kp/Compressed/lab5/lab5/decode.sv Line: 1
Info (12021): Found 1 design units, including 1 entities, in source file mult.sv
    Info (12023): Found entity 1: mult File: D:/kp/Compressed/lab5/lab5/mult.sv Line: 1
Info (12021): Found 1 design units, including 1 entities, in source file encode.sv
    Info (12023): Found entity 1: encode File: D:/kp/Compressed/lab5/lab5/encode.sv Line: 1
Info (12021): Found 1 design units, including 1 entities, in source file div.sv
    Info (12023): Found entity 1: div File: D:/kp/Compressed/lab5/lab5/div.sv Line: 1
Warning (10236): Verilog HDL Implicit Net warning at fpu_top.sv(22): created implicit net for "ADD" File: D:/kp/Compressed/lab5/lab5/fpu_top.sv Line: 22
Warning (10236): Verilog HDL Implicit Net warning at fpu_top.sv(23): created implicit net for "SUB" File: D:/kp/Compressed/lab5/lab5/fpu_top.sv Line: 23
Warning (10236): Verilog HDL Implicit Net warning at fpu_top.sv(24): created implicit net for "DIV" File: D:/kp/Compressed/lab5/lab5/fpu_top.sv Line: 24
Warning (10236): Verilog HDL Implicit Net warning at fpu_top.sv(25): created implicit net for "MULT" File: D:/kp/Compressed/lab5/lab5/fpu_top.sv Line: 25
Info (12127): Elaborating entity "fpu_top" for the top level hierarchy
Warning (10036): Verilog HDL or VHDL warning at fpu_top.sv(30): object "check" assigned a value but never read File: D:/kp/Compressed/lab5/lab5/fpu_top.sv Line: 30
Info (12128): Elaborating entity "add_sub" for hierarchy "add_sub:U1" File: D:/kp/Compressed/lab5/lab5/fpu_top.sv Line: 38
Warning (10036): Verilog HDL or VHDL warning at add_sub.sv(24): object "denorm_def" assigned a value but never read File: D:/kp/Compressed/lab5/lab5/add_sub.sv Line: 24
Warning (10764): Verilog HDL warning at add_sub.sv(97): converting signed shift amount to unsigned File: D:/kp/Compressed/lab5/lab5/add_sub.sv Line: 97
Warning (10764): Verilog HDL warning at add_sub.sv(104): converting signed shift amount to unsigned File: D:/kp/Compressed/lab5/lab5/add_sub.sv Line: 104
Warning (10230): Verilog HDL assignment warning at add_sub.sv(117): truncated value with size 32 to match size of target (3) File: D:/kp/Compressed/lab5/lab5/add_sub.sv Line: 117
Warning (10230): Verilog HDL assignment warning at add_sub.sv(132): truncated value with size 32 to match size of target (8) File: D:/kp/Compressed/lab5/lab5/add_sub.sv Line: 132
Warning (10230): Verilog HDL assignment warning at add_sub.sv(142): truncated value with size 23 to match size of target (22) File: D:/kp/Compressed/lab5/lab5/add_sub.sv Line: 142
Info (12128): Elaborating entity "decode" for hierarchy "add_sub:U1|decode:A_dec" File: D:/kp/Compressed/lab5/lab5/add_sub.sv Line: 50
Warning (10230): Verilog HDL assignment warning at decode.sv(44): truncated value with size 32 to match size of target (11) File: D:/kp/Compressed/lab5/lab5/decode.sv Line: 44
Warning (10230): Verilog HDL assignment warning at decode.sv(47): truncated value with size 11 to match size of target (10) File: D:/kp/Compressed/lab5/lab5/decode.sv Line: 47
Info (12128): Elaborating entity "encode" for hierarchy "add_sub:U1|encode:Out" File: D:/kp/Compressed/lab5/lab5/add_sub.sv Line: 151
Info (12128): Elaborating entity "mult" for hierarchy "mult:U2" File: D:/kp/Compressed/lab5/lab5/fpu_top.sv Line: 46
Warning (10036): Verilog HDL or VHDL warning at mult.sv(55): object "denorm_def" assigned a value but never read File: D:/kp/Compressed/lab5/lab5/mult.sv Line: 55
Warning (10230): Verilog HDL assignment warning at mult.sv(100): truncated value with size 32 to match size of target (8) File: D:/kp/Compressed/lab5/lab5/mult.sv Line: 100
Warning (10230): Verilog HDL assignment warning at mult.sv(101): truncated value with size 11 to match size of target (10) File: D:/kp/Compressed/lab5/lab5/mult.sv Line: 101
Info (12128): Elaborating entity "div" for hierarchy "div:U3" File: D:/kp/Compressed/lab5/lab5/fpu_top.sv Line: 53
Warning (10036): Verilog HDL or VHDL warning at div.sv(56): object "denorm_def" assigned a value but never read File: D:/kp/Compressed/lab5/lab5/div.sv Line: 56
Warning (10230): Verilog HDL assignment warning at div.sv(114): truncated value with size 13 to match size of target (12) File: D:/kp/Compressed/lab5/lab5/div.sv Line: 114
Warning (10230): Verilog HDL assignment warning at div.sv(126): truncated value with size 32 to match size of target (8) File: D:/kp/Compressed/lab5/lab5/div.sv Line: 126
Warning (10230): Verilog HDL assignment warning at div.sv(127): truncated value with size 11 to match size of target (10) File: D:/kp/Compressed/lab5/lab5/div.sv Line: 127
Info (12128): Elaborating entity "encode" for hierarchy "div:U3|encode:Out" File: D:/kp/Compressed/lab5/lab5/div.sv Line: 144
Warning (12241): 2 hierarchies have connectivity warnings - see the Connectivity Checks report folder
Info (286030): Timing-Driven Synthesis is running
Info (144001): Generated suppressed messages file D:/kp/Compressed/lab5/lab5/output_files/fpu.map.smsg
Info (16010): Generating hard_block partition "hard_block:auto_generated_inst"
    Info (16011): Adding 0 node(s), including 0 DDIO, 0 PLL, 0 transceiver and 0 LCELL
Info (21057): Implemented 1109 device resources after synthesis - the final resource count might be different
    Info (21058): Implemented 43 input pins
    Info (21059): Implemented 24 output pins
    Info (21061): Implemented 1041 logic cells
    Info (21062): Implemented 1 DSP elements
Info: Quartus Prime Analysis & Synthesis was successful. 0 errors, 22 warnings
    Info: Peak virtual memory: 4873 megabytes
    Info: Processing ended: Sun May 25 13:34:58 2025
    Info: Elapsed time: 00:00:11
    Info: Total CPU time (on all processors): 00:00:14


+------------------------------------------+
; Analysis & Synthesis Suppressed Messages ;
+------------------------------------------+
The suppressed messages can be found in D:/kp/Compressed/lab5/lab5/output_files/fpu.map.smsg.


