Analysis & Synthesis report for verification
Fri Apr  4 21:59:33 2025
Quartus Prime Version 23.1std.1 Build 993 05/14/2024 SC Lite Edition


---------------------
; Table of Contents ;
---------------------
  1. Legal Notice
  2. Analysis & Synthesis Summary
  3. Analysis & Synthesis Settings
  4. Parallel Compilation
  5. Analysis & Synthesis Source Files Read
  6. Analysis & Synthesis Resource Usage Summary
  7. Analysis & Synthesis Resource Utilization by Entity
  8. Analysis & Synthesis RAM Summary
  9. Analysis & Synthesis IP Cores Summary
 10. General Register Statistics
 11. Source assignments for fifo:fifo|ram2:mem|altsyncram:altsyncram_component|altsyncram_q5v1:auto_generated
 12. Parameter Settings for User Entity Instance: fifo:fifo|fifoctrl:ctrl
 13. Parameter Settings for User Entity Instance: fifo:fifo|ram2:mem|altsyncram:altsyncram_component
 14. altsyncram Parameter Settings by Entity Instance
 15. Port Connectivity Checks: "lfshr:gendata"
 16. Post-Synthesis Netlist Statistics for Top Partition
 17. Elapsed Time Per Partition
 18. Analysis & Synthesis Messages



----------------
; Legal Notice ;
----------------
Copyright (C) 2024  Intel Corporation. All rights reserved.
Your use of Intel Corporation's design tools, logic functions 
and other software and tools, and any partner logic 
functions, and any output files from any of the foregoing 
(including device programming or simulation files), and any 
associated documentation or information are expressly subject 
to the terms and conditions of the Intel Program License 
Subscription Agreement, the Intel Quartus Prime License Agreement,
the Intel FPGA IP License Agreement, or other applicable license
agreement, including, without limitation, that your use is for
the sole purpose of programming logic devices manufactured by
Intel and sold by Intel or its authorized distributors.  Please
refer to the applicable agreement for further details, at
https://fpgasoftware.intel.com/eula.



+----------------------------------------------------------------------------------+
; Analysis & Synthesis Summary                                                     ;
+---------------------------------+------------------------------------------------+
; Analysis & Synthesis Status     ; Successful - Fri Apr  4 21:59:33 2025          ;
; Quartus Prime Version           ; 23.1std.1 Build 993 05/14/2024 SC Lite Edition ;
; Revision Name                   ; verification                                   ;
; Top-level Entity Name           ; top_lab3                                       ;
; Family                          ; Cyclone V                                      ;
; Logic utilization (in ALMs)     ; N/A                                            ;
; Total registers                 ; 54                                             ;
; Total pins                      ; 60                                             ;
; Total virtual pins              ; 0                                              ;
; Total block memory bits         ; 768                                            ;
; Total DSP Blocks                ; 0                                              ;
; Total HSSI RX PCSs              ; 0                                              ;
; Total HSSI PMA RX Deserializers ; 0                                              ;
; Total HSSI TX PCSs              ; 0                                              ;
; Total HSSI PMA TX Serializers   ; 0                                              ;
; Total PLLs                      ; 0                                              ;
; Total DLLs                      ; 0                                              ;
+---------------------------------+------------------------------------------------+


+---------------------------------------------------------------------------------------------------------------------------+
; Analysis & Synthesis Settings                                                                                             ;
+---------------------------------------------------------------------------------+--------------------+--------------------+
; Option                                                                          ; Setting            ; Default Value      ;
+---------------------------------------------------------------------------------+--------------------+--------------------+
; Device                                                                          ; 5CSXFC6D6F31C6     ;                    ;
; Top-level entity name                                                           ; top_lab3           ; verification       ;
; Family name                                                                     ; Cyclone V          ; Cyclone V          ;
; Use smart compilation                                                           ; Off                ; Off                ;
; Enable parallel Assembler and Timing Analyzer during compilation                ; On                 ; On                 ;
; Enable compact report table                                                     ; Off                ; Off                ;
; Restructure Multiplexers                                                        ; Auto               ; Auto               ;
; MLAB Add Timing Constraints For Mixed-Port Feed-Through Mode Setting Don't Care ; Off                ; Off                ;
; Create Debugging Nodes for IP Cores                                             ; Off                ; Off                ;
; Preserve fewer node names                                                       ; On                 ; On                 ;
; Intel FPGA IP Evaluation Mode                                                   ; Enable             ; Enable             ;
; Verilog Version                                                                 ; Verilog_2001       ; Verilog_2001       ;
; VHDL Version                                                                    ; VHDL_1993          ; VHDL_1993          ;
; State Machine Processing                                                        ; Auto               ; Auto               ;
; Safe State Machine                                                              ; Off                ; Off                ;
; Extract Verilog State Machines                                                  ; On                 ; On                 ;
; Extract VHDL State Machines                                                     ; On                 ; On                 ;
; Ignore Verilog initial constructs                                               ; Off                ; Off                ;
; Iteration limit for constant Verilog loops                                      ; 5000               ; 5000               ;
; Iteration limit for non-constant Verilog loops                                  ; 250                ; 250                ;
; Add Pass-Through Logic to Inferred RAMs                                         ; On                 ; On                 ;
; Infer RAMs from Raw Logic                                                       ; On                 ; On                 ;
; Parallel Synthesis                                                              ; On                 ; On                 ;
; DSP Block Balancing                                                             ; Auto               ; Auto               ;
; NOT Gate Push-Back                                                              ; On                 ; On                 ;
; Power-Up Don't Care                                                             ; On                 ; On                 ;
; Remove Redundant Logic Cells                                                    ; Off                ; Off                ;
; Remove Duplicate Registers                                                      ; On                 ; On                 ;
; Ignore CARRY Buffers                                                            ; Off                ; Off                ;
; Ignore CASCADE Buffers                                                          ; Off                ; Off                ;
; Ignore GLOBAL Buffers                                                           ; Off                ; Off                ;
; Ignore ROW GLOBAL Buffers                                                       ; Off                ; Off                ;
; Ignore LCELL Buffers                                                            ; Off                ; Off                ;
; Ignore SOFT Buffers                                                             ; On                 ; On                 ;
; Limit AHDL Integers to 32 Bits                                                  ; Off                ; Off                ;
; Optimization Technique                                                          ; Balanced           ; Balanced           ;
; Carry Chain Length                                                              ; 70                 ; 70                 ;
; Auto Carry Chains                                                               ; On                 ; On                 ;
; Auto Open-Drain Pins                                                            ; On                 ; On                 ;
; Perform WYSIWYG Primitive Resynthesis                                           ; Off                ; Off                ;
; Auto ROM Replacement                                                            ; On                 ; On                 ;
; Auto RAM Replacement                                                            ; On                 ; On                 ;
; Auto DSP Block Replacement                                                      ; On                 ; On                 ;
; Auto Shift Register Replacement                                                 ; Auto               ; Auto               ;
; Allow Shift Register Merging across Hierarchies                                 ; Auto               ; Auto               ;
; Auto Clock Enable Replacement                                                   ; On                 ; On                 ;
; Strict RAM Replacement                                                          ; Off                ; Off                ;
; Allow Synchronous Control Signals                                               ; On                 ; On                 ;
; Force Use of Synchronous Clear Signals                                          ; Off                ; Off                ;
; Auto Resource Sharing                                                           ; Off                ; Off                ;
; Allow Any RAM Size For Recognition                                              ; Off                ; Off                ;
; Allow Any ROM Size For Recognition                                              ; Off                ; Off                ;
; Allow Any Shift Register Size For Recognition                                   ; Off                ; Off                ;
; Use LogicLock Constraints during Resource Balancing                             ; On                 ; On                 ;
; Ignore translate_off and synthesis_off directives                               ; Off                ; Off                ;
; Timing-Driven Synthesis                                                         ; On                 ; On                 ;
; Report Parameter Settings                                                       ; On                 ; On                 ;
; Report Source Assignments                                                       ; On                 ; On                 ;
; Report Connectivity Checks                                                      ; On                 ; On                 ;
; Ignore Maximum Fan-Out Assignments                                              ; Off                ; Off                ;
; Synchronization Register Chain Length                                           ; 3                  ; 3                  ;
; Power Optimization During Synthesis                                             ; Normal compilation ; Normal compilation ;
; HDL message level                                                               ; Level2             ; Level2             ;
; Suppress Register Optimization Related Messages                                 ; Off                ; Off                ;
; Number of Removed Registers Reported in Synthesis Report                        ; 5000               ; 5000               ;
; Number of Swept Nodes Reported in Synthesis Report                              ; 5000               ; 5000               ;
; Number of Inverted Registers Reported in Synthesis Report                       ; 100                ; 100                ;
; Clock MUX Protection                                                            ; On                 ; On                 ;
; Auto Gated Clock Conversion                                                     ; Off                ; Off                ;
; Block Design Naming                                                             ; Auto               ; Auto               ;
; SDC constraint protection                                                       ; Off                ; Off                ;
; Synthesis Effort                                                                ; Auto               ; Auto               ;
; Shift Register Replacement - Allow Asynchronous Clear Signal                    ; On                 ; On                 ;
; Pre-Mapping Resynthesis Optimization                                            ; Off                ; Off                ;
; Analysis & Synthesis Message Level                                              ; Medium             ; Medium             ;
; Disable Register Merging Across Hierarchies                                     ; Auto               ; Auto               ;
; Resource Aware Inference For Block RAM                                          ; On                 ; On                 ;
; Automatic Parallel Synthesis                                                    ; On                 ; On                 ;
; Partial Reconfiguration Bitstream ID                                            ; Off                ; Off                ;
+---------------------------------------------------------------------------------+--------------------+--------------------+


+------------------------------------------+
; Parallel Compilation                     ;
+----------------------------+-------------+
; Processors                 ; Number      ;
+----------------------------+-------------+
; Number detected on machine ; 6           ;
; Maximum allowed            ; 6           ;
;                            ;             ;
; Average used               ; 1.00        ;
; Maximum used               ; 6           ;
;                            ;             ;
; Usage by Processor         ; % Time Used ;
;     Processor 1            ; 100.0%      ;
;     Processors 2-6         ;   0.0%      ;
+----------------------------+-------------+


+--------------------------------------------------------------------------------------------------------------------------------------------------------------------------+
; Analysis & Synthesis Source Files Read                                                                                                                                   ;
+----------------------------------+-----------------+------------------------------+----------------------------------------------------------------------------+---------+
; File Name with User-Entered Path ; Used in Netlist ; File Type                    ; File Name with Absolute Path                                               ; Library ;
+----------------------------------+-----------------+------------------------------+----------------------------------------------------------------------------+---------+
; fifo.sv                          ; yes             ; User SystemVerilog HDL File  ; E:/labsyns/lab3/fifo.sv                                                    ;         ;
; top_lab3.sv                      ; yes             ; User SystemVerilog HDL File  ; E:/labsyns/lab3/top_lab3.sv                                                ;         ;
; lfshr.sv                         ; yes             ; User SystemVerilog HDL File  ; E:/labsyns/lab3/lfshr.sv                                                   ;         ;
; ram2.v                           ; yes             ; User Wizard-Generated File   ; E:/labsyns/lab3/ram2.v                                                     ;         ;
; fifoctrl.v                       ; yes             ; User SystemVerilog HDL File  ; E:/labsyns/lab3/fifoctrl.v                                                 ;         ;
; bcdtohex.sv                      ; yes             ; User SystemVerilog HDL File  ; E:/labsyns/lab3/bcdtohex.sv                                                ;         ;
; altsyncram.tdf                   ; yes             ; Megafunction                 ; c:/intelfpga/23.1std/quartus/libraries/megafunctions/altsyncram.tdf        ;         ;
; stratix_ram_block.inc            ; yes             ; Megafunction                 ; c:/intelfpga/23.1std/quartus/libraries/megafunctions/stratix_ram_block.inc ;         ;
; lpm_mux.inc                      ; yes             ; Megafunction                 ; c:/intelfpga/23.1std/quartus/libraries/megafunctions/lpm_mux.inc           ;         ;
; lpm_decode.inc                   ; yes             ; Megafunction                 ; c:/intelfpga/23.1std/quartus/libraries/megafunctions/lpm_decode.inc        ;         ;
; aglobal231.inc                   ; yes             ; Megafunction                 ; c:/intelfpga/23.1std/quartus/libraries/megafunctions/aglobal231.inc        ;         ;
; a_rdenreg.inc                    ; yes             ; Megafunction                 ; c:/intelfpga/23.1std/quartus/libraries/megafunctions/a_rdenreg.inc         ;         ;
; altrom.inc                       ; yes             ; Megafunction                 ; c:/intelfpga/23.1std/quartus/libraries/megafunctions/altrom.inc            ;         ;
; altram.inc                       ; yes             ; Megafunction                 ; c:/intelfpga/23.1std/quartus/libraries/megafunctions/altram.inc            ;         ;
; altdpram.inc                     ; yes             ; Megafunction                 ; c:/intelfpga/23.1std/quartus/libraries/megafunctions/altdpram.inc          ;         ;
; db/altsyncram_q5v1.tdf           ; yes             ; Auto-Generated Megafunction  ; E:/labsyns/lab3/db/altsyncram_q5v1.tdf                                     ;         ;
+----------------------------------+-----------------+------------------------------+----------------------------------------------------------------------------+---------+


+-----------------------------------------------------------+
; Analysis & Synthesis Resource Usage Summary               ;
+---------------------------------------------+-------------+
; Resource                                    ; Usage       ;
+---------------------------------------------+-------------+
; Estimate of Logic utilization (ALMs needed) ; 64          ;
;                                             ;             ;
; Combinational ALUT usage for logic          ; 101         ;
;     -- 7 input functions                    ; 2           ;
;     -- 6 input functions                    ; 19          ;
;     -- 5 input functions                    ; 14          ;
;     -- 4 input functions                    ; 46          ;
;     -- <=3 input functions                  ; 20          ;
;                                             ;             ;
; Dedicated logic registers                   ; 54          ;
;                                             ;             ;
; I/O pins                                    ; 60          ;
; Total MLAB memory bits                      ; 0           ;
; Total block memory bits                     ; 768         ;
;                                             ;             ;
; Total DSP Blocks                            ; 0           ;
;                                             ;             ;
; Maximum fan-out node                        ; clk_w~input ;
; Maximum fan-out                             ; 47          ;
; Total fan-out                               ; 1029        ;
; Average fan-out                             ; 3.44        ;
+---------------------------------------------+-------------+


+--------------------------------------------------------------------------------------------------------------------------------------------------------------------------------------------------------------------------------------------------------------------------------------+
; Analysis & Synthesis Resource Utilization by Entity                                                                                                                                                                                                                                  ;
+----------------------------------------------+---------------------+---------------------------+-------------------+------------+------+--------------+---------------------------------------------------------------------------------------------+-----------------+--------------+
; Compilation Hierarchy Node                   ; Combinational ALUTs ; Dedicated Logic Registers ; Block Memory Bits ; DSP Blocks ; Pins ; Virtual Pins ; Full Hierarchy Name                                                                         ; Entity Name     ; Library Name ;
+----------------------------------------------+---------------------+---------------------------+-------------------+------------+------+--------------+---------------------------------------------------------------------------------------------+-----------------+--------------+
; |top_lab3                                    ; 101 (7)             ; 54 (24)                   ; 768               ; 0          ; 60   ; 0            ; |top_lab3                                                                                   ; top_lab3        ; work         ;
;    |bcdtohex:dis0|                           ; 7 (7)               ; 0 (0)                     ; 0                 ; 0          ; 0    ; 0            ; |top_lab3|bcdtohex:dis0                                                                     ; bcdtohex        ; work         ;
;    |bcdtohex:dis1|                           ; 7 (7)               ; 0 (0)                     ; 0                 ; 0          ; 0    ; 0            ; |top_lab3|bcdtohex:dis1                                                                     ; bcdtohex        ; work         ;
;    |bcdtohex:dis2|                           ; 7 (7)               ; 0 (0)                     ; 0                 ; 0          ; 0    ; 0            ; |top_lab3|bcdtohex:dis2                                                                     ; bcdtohex        ; work         ;
;    |bcdtohex:dis3|                           ; 7 (7)               ; 0 (0)                     ; 0                 ; 0          ; 0    ; 0            ; |top_lab3|bcdtohex:dis3                                                                     ; bcdtohex        ; work         ;
;    |bcdtohex:dis4|                           ; 7 (7)               ; 0 (0)                     ; 0                 ; 0          ; 0    ; 0            ; |top_lab3|bcdtohex:dis4                                                                     ; bcdtohex        ; work         ;
;    |bcdtohex:dis5|                           ; 7 (7)               ; 0 (0)                     ; 0                 ; 0          ; 0    ; 0            ; |top_lab3|bcdtohex:dis5                                                                     ; bcdtohex        ; work         ;
;    |fifo:fifo|                               ; 51 (0)              ; 14 (0)                    ; 768               ; 0          ; 0    ; 0            ; |top_lab3|fifo:fifo                                                                         ; fifo            ; work         ;
;       |fifoctrl:ctrl|                        ; 51 (51)             ; 14 (14)                   ; 0                 ; 0          ; 0    ; 0            ; |top_lab3|fifo:fifo|fifoctrl:ctrl                                                           ; fifoctrl        ; work         ;
;       |ram2:mem|                             ; 0 (0)               ; 0 (0)                     ; 768               ; 0          ; 0    ; 0            ; |top_lab3|fifo:fifo|ram2:mem                                                                ; ram2            ; work         ;
;          |altsyncram:altsyncram_component|   ; 0 (0)               ; 0 (0)                     ; 768               ; 0          ; 0    ; 0            ; |top_lab3|fifo:fifo|ram2:mem|altsyncram:altsyncram_component                                ; altsyncram      ; work         ;
;             |altsyncram_q5v1:auto_generated| ; 0 (0)               ; 0 (0)                     ; 768               ; 0          ; 0    ; 0            ; |top_lab3|fifo:fifo|ram2:mem|altsyncram:altsyncram_component|altsyncram_q5v1:auto_generated ; altsyncram_q5v1 ; work         ;
;    |lfshr:gendata|                           ; 1 (1)               ; 16 (16)                   ; 0                 ; 0          ; 0    ; 0            ; |top_lab3|lfshr:gendata                                                                     ; lfshr           ; work         ;
+----------------------------------------------+---------------------+---------------------------+-------------------+------------+------+--------------+---------------------------------------------------------------------------------------------+-----------------+--------------+
Note: For table entries with two numbers listed, the numbers in parentheses indicate the number of resources of the given type used by the specific entity alone. The numbers listed outside of parentheses indicate the total resources of the given type used by the specific entity and all of its sub-entities in the hierarchy.


+--------------------------------------------------------------------------------------------------------------------------------------------------------------------------------------------------------+
; Analysis & Synthesis RAM Summary                                                                                                                                                                       ;
+----------------------------------------------------------------------------------------------+------------+------------------+--------------+--------------+--------------+--------------+------+------+
; Name                                                                                         ; Type       ; Mode             ; Port A Depth ; Port A Width ; Port B Depth ; Port B Width ; Size ; MIF  ;
+----------------------------------------------------------------------------------------------+------------+------------------+--------------+--------------+--------------+--------------+------+------+
; fifo:fifo|ram2:mem|altsyncram:altsyncram_component|altsyncram_q5v1:auto_generated|ALTSYNCRAM ; M10K block ; Simple Dual Port ; 32           ; 24           ; 32           ; 24           ; 768  ; None ;
+----------------------------------------------------------------------------------------------+------------+------------------+--------------+--------------+--------------+--------------+------+------+


+----------------------------------------------------------------------------------------------------------------+
; Analysis & Synthesis IP Cores Summary                                                                          ;
+--------+--------------+---------+--------------+--------------+------------------------------+-----------------+
; Vendor ; IP Core Name ; Version ; Release Date ; License Type ; Entity Instance              ; IP Include File ;
+--------+--------------+---------+--------------+--------------+------------------------------+-----------------+
; Altera ; RAM: 2-PORT  ; 23.1    ; N/A          ; N/A          ; |top_lab3|fifo:fifo|ram2:mem ; ram2.v          ;
+--------+--------------+---------+--------------+--------------+------------------------------+-----------------+


+------------------------------------------------------+
; General Register Statistics                          ;
+----------------------------------------------+-------+
; Statistic                                    ; Value ;
+----------------------------------------------+-------+
; Total registers                              ; 54    ;
; Number of registers using Synchronous Clear  ; 18    ;
; Number of registers using Synchronous Load   ; 0     ;
; Number of registers using Asynchronous Clear ; 14    ;
; Number of registers using Asynchronous Load  ; 0     ;
; Number of registers using Clock Enable       ; 2     ;
; Number of registers using Preset             ; 0     ;
+----------------------------------------------+-------+


+----------------------------------------------------------------------------------------------------------+
; Source assignments for fifo:fifo|ram2:mem|altsyncram:altsyncram_component|altsyncram_q5v1:auto_generated ;
+---------------------------------+--------------------+------+--------------------------------------------+
; Assignment                      ; Value              ; From ; To                                         ;
+---------------------------------+--------------------+------+--------------------------------------------+
; OPTIMIZE_POWER_DURING_SYNTHESIS ; NORMAL_COMPILATION ; -    ; -                                          ;
+---------------------------------+--------------------+------+--------------------------------------------+


+----------------------------------------------------------------------+
; Parameter Settings for User Entity Instance: fifo:fifo|fifoctrl:ctrl ;
+----------------+-------+---------------------------------------------+
; Parameter Name ; Value ; Type                                        ;
+----------------+-------+---------------------------------------------+
; ADDRBIT        ; 5     ; Signed Integer                              ;
; LENGTH         ; 32    ; Signed Integer                              ;
+----------------+-------+---------------------------------------------+
Note: In order to hide this table in the UI and the text report file, please set the "Show Parameter Settings in Synthesis Report" option in "Analysis and Synthesis Settings -> More Settings" to "Off".


+-------------------------------------------------------------------------------------------------+
; Parameter Settings for User Entity Instance: fifo:fifo|ram2:mem|altsyncram:altsyncram_component ;
+------------------------------------+----------------------+-------------------------------------+
; Parameter Name                     ; Value                ; Type                                ;
+------------------------------------+----------------------+-------------------------------------+
; BYTE_SIZE_BLOCK                    ; 8                    ; Untyped                             ;
; AUTO_CARRY_CHAINS                  ; ON                   ; AUTO_CARRY                          ;
; IGNORE_CARRY_BUFFERS               ; OFF                  ; IGNORE_CARRY                        ;
; AUTO_CASCADE_CHAINS                ; ON                   ; AUTO_CASCADE                        ;
; IGNORE_CASCADE_BUFFERS             ; OFF                  ; IGNORE_CASCADE                      ;
; WIDTH_BYTEENA                      ; 1                    ; Untyped                             ;
; OPERATION_MODE                     ; DUAL_PORT            ; Untyped                             ;
; WIDTH_A                            ; 24                   ; Signed Integer                      ;
; WIDTHAD_A                          ; 5                    ; Signed Integer                      ;
; NUMWORDS_A                         ; 32                   ; Signed Integer                      ;
; OUTDATA_REG_A                      ; UNREGISTERED         ; Untyped                             ;
; ADDRESS_ACLR_A                     ; NONE                 ; Untyped                             ;
; OUTDATA_ACLR_A                     ; NONE                 ; Untyped                             ;
; WRCONTROL_ACLR_A                   ; NONE                 ; Untyped                             ;
; INDATA_ACLR_A                      ; NONE                 ; Untyped                             ;
; BYTEENA_ACLR_A                     ; NONE                 ; Untyped                             ;
; WIDTH_B                            ; 24                   ; Signed Integer                      ;
; WIDTHAD_B                          ; 5                    ; Signed Integer                      ;
; NUMWORDS_B                         ; 32                   ; Signed Integer                      ;
; INDATA_REG_B                       ; CLOCK1               ; Untyped                             ;
; WRCONTROL_WRADDRESS_REG_B          ; CLOCK1               ; Untyped                             ;
; RDCONTROL_REG_B                    ; CLOCK1               ; Untyped                             ;
; ADDRESS_REG_B                      ; CLOCK1               ; Untyped                             ;
; OUTDATA_REG_B                      ; UNREGISTERED         ; Untyped                             ;
; BYTEENA_REG_B                      ; CLOCK1               ; Untyped                             ;
; INDATA_ACLR_B                      ; NONE                 ; Untyped                             ;
; WRCONTROL_ACLR_B                   ; NONE                 ; Untyped                             ;
; ADDRESS_ACLR_B                     ; NONE                 ; Untyped                             ;
; OUTDATA_ACLR_B                     ; NONE                 ; Untyped                             ;
; RDCONTROL_ACLR_B                   ; NONE                 ; Untyped                             ;
; BYTEENA_ACLR_B                     ; NONE                 ; Untyped                             ;
; WIDTH_BYTEENA_A                    ; 1                    ; Signed Integer                      ;
; WIDTH_BYTEENA_B                    ; 1                    ; Untyped                             ;
; RAM_BLOCK_TYPE                     ; M10K                 ; Untyped                             ;
; BYTE_SIZE                          ; 8                    ; Untyped                             ;
; READ_DURING_WRITE_MODE_MIXED_PORTS ; DONT_CARE            ; Untyped                             ;
; READ_DURING_WRITE_MODE_PORT_A      ; NEW_DATA_NO_NBE_READ ; Untyped                             ;
; READ_DURING_WRITE_MODE_PORT_B      ; NEW_DATA_NO_NBE_READ ; Untyped                             ;
; INIT_FILE                          ; UNUSED               ; Untyped                             ;
; INIT_FILE_LAYOUT                   ; PORT_A               ; Untyped                             ;
; MAXIMUM_DEPTH                      ; 0                    ; Untyped                             ;
; CLOCK_ENABLE_INPUT_A               ; BYPASS               ; Untyped                             ;
; CLOCK_ENABLE_INPUT_B               ; BYPASS               ; Untyped                             ;
; CLOCK_ENABLE_OUTPUT_A              ; NORMAL               ; Untyped                             ;
; CLOCK_ENABLE_OUTPUT_B              ; BYPASS               ; Untyped                             ;
; CLOCK_ENABLE_CORE_A                ; USE_INPUT_CLKEN      ; Untyped                             ;
; CLOCK_ENABLE_CORE_B                ; USE_INPUT_CLKEN      ; Untyped                             ;
; ENABLE_ECC                         ; FALSE                ; Untyped                             ;
; ECC_PIPELINE_STAGE_ENABLED         ; FALSE                ; Untyped                             ;
; WIDTH_ECCSTATUS                    ; 3                    ; Untyped                             ;
; DEVICE_FAMILY                      ; Cyclone V            ; Untyped                             ;
; CBXI_PARAMETER                     ; altsyncram_q5v1      ; Untyped                             ;
+------------------------------------+----------------------+-------------------------------------+
Note: In order to hide this table in the UI and the text report file, please set the "Show Parameter Settings in Synthesis Report" option in "Analysis and Synthesis Settings -> More Settings" to "Off".


+------------------------------------------------------------------------------------------------+
; altsyncram Parameter Settings by Entity Instance                                               ;
+-------------------------------------------+----------------------------------------------------+
; Name                                      ; Value                                              ;
+-------------------------------------------+----------------------------------------------------+
; Number of entity instances                ; 1                                                  ;
; Entity Instance                           ; fifo:fifo|ram2:mem|altsyncram:altsyncram_component ;
;     -- OPERATION_MODE                     ; DUAL_PORT                                          ;
;     -- WIDTH_A                            ; 24                                                 ;
;     -- NUMWORDS_A                         ; 32                                                 ;
;     -- OUTDATA_REG_A                      ; UNREGISTERED                                       ;
;     -- WIDTH_B                            ; 24                                                 ;
;     -- NUMWORDS_B                         ; 32                                                 ;
;     -- ADDRESS_REG_B                      ; CLOCK1                                             ;
;     -- OUTDATA_REG_B                      ; UNREGISTERED                                       ;
;     -- RAM_BLOCK_TYPE                     ; M10K                                               ;
;     -- READ_DURING_WRITE_MODE_MIXED_PORTS ; DONT_CARE                                          ;
+-------------------------------------------+----------------------------------------------------+


+-----------------------------------------------------------------------------------------------------------------------------------------------------------------------------------------------------------+
; Port Connectivity Checks: "lfshr:gendata"                                                                                                                                                                 ;
+-------------+--------+----------+-------------------------------------------------------------------------------------------------------------------------------------------------------------------------+
; Port        ; Type   ; Severity ; Details                                                                                                                                                                 ;
+-------------+--------+----------+-------------------------------------------------------------------------------------------------------------------------------------------------------------------------+
; seed[15..1] ; Input  ; Info     ; Stuck at GND                                                                                                                                                            ;
; seed[0]     ; Input  ; Info     ; Stuck at VCC                                                                                                                                                            ;
; out         ; Output ; Warning  ; Output or bidir port (16 bits) is smaller than the port expression (24 bits) it drives.  The 8 most-significant bit(s) in the port expression will be connected to GND. ;
+-------------+--------+----------+-------------------------------------------------------------------------------------------------------------------------------------------------------------------------+


+-----------------------------------------------------+
; Post-Synthesis Netlist Statistics for Top Partition ;
+-----------------------+-----------------------------+
; Type                  ; Count                       ;
+-----------------------+-----------------------------+
; arriav_ff             ; 54                          ;
;     CLR               ; 12                          ;
;     ENA CLR           ; 2                           ;
;     SCLR              ; 18                          ;
;     plain             ; 22                          ;
; arriav_lcell_comb     ; 108                         ;
;     arith             ; 13                          ;
;         0 data inputs ; 1                           ;
;         1 data inputs ; 6                           ;
;         2 data inputs ; 6                           ;
;     extend            ; 2                           ;
;         7 data inputs ; 2                           ;
;     normal            ; 93                          ;
;         0 data inputs ; 1                           ;
;         1 data inputs ; 7                           ;
;         2 data inputs ; 5                           ;
;         3 data inputs ; 1                           ;
;         4 data inputs ; 46                          ;
;         5 data inputs ; 14                          ;
;         6 data inputs ; 19                          ;
; boundary_port         ; 60                          ;
; stratixv_ram_block    ; 24                          ;
;                       ;                             ;
; Max LUT depth         ; 5.30                        ;
; Average LUT depth     ; 2.27                        ;
+-----------------------+-----------------------------+


+-------------------------------+
; Elapsed Time Per Partition    ;
+----------------+--------------+
; Partition Name ; Elapsed Time ;
+----------------+--------------+
; Top            ; 00:00:00     ;
+----------------+--------------+


+-------------------------------+
; Analysis & Synthesis Messages ;
+-------------------------------+
Info: *******************************************************************
Info: Running Quartus Prime Analysis & Synthesis
    Info: Version 23.1std.1 Build 993 05/14/2024 SC Lite Edition
    Info: Processing started: Fri Apr  4 21:59:24 2025
Info: Command: quartus_map --read_settings_files=on --write_settings_files=off verification -c verification
Warning (18236): Number of processors has not been specified which may cause overloading on shared machines.  Set the global assignment NUM_PARALLEL_PROCESSORS in your QSF to an appropriate value for best performance.
Info (20030): Parallel compilation is enabled and will use 6 of the 6 processors detected
Info (12021): Found 1 design units, including 1 entities, in source file fifo.sv
    Info (12023): Found entity 1: fifo File: E:/labsyns/lab3/fifo.sv Line: 2
Info (12021): Found 1 design units, including 1 entities, in source file top_lab3.sv
    Info (12023): Found entity 1: top_lab3 File: E:/labsyns/lab3/top_lab3.sv Line: 1
Info (12021): Found 1 design units, including 1 entities, in source file lfshr.sv
    Info (12023): Found entity 1: lfshr File: E:/labsyns/lab3/lfshr.sv Line: 1
Info (12021): Found 1 design units, including 1 entities, in source file s.v
    Info (12023): Found entity 1: s File: E:/labsyns/lab3/s.v Line: 40
Info (12021): Found 1 design units, including 1 entities, in source file ram.v
    Info (12023): Found entity 1: ram File: E:/labsyns/lab3/ram.v Line: 40
Info (12021): Found 1 design units, including 1 entities, in source file ram2.v
    Info (12023): Found entity 1: ram2 File: E:/labsyns/lab3/ram2.v Line: 40
Info (12021): Found 1 design units, including 1 entities, in source file fifoctrl.v
    Info (12023): Found entity 1: fifoctrl File: E:/labsyns/lab3/fifoctrl.v Line: 2
Info (12021): Found 1 design units, including 1 entities, in source file bcdtohex.sv
    Info (12023): Found entity 1: bcdtohex File: E:/labsyns/lab3/bcdtohex.sv Line: 1
Info (12021): Found 1 design units, including 1 entities, in source file debounce.sv
    Info (12023): Found entity 1: debounce File: E:/labsyns/lab3/debounce.sv Line: 1
Info (12127): Elaborating entity "top_lab3" for the top level hierarchy
Info (12128): Elaborating entity "fifo" for hierarchy "fifo:fifo" File: E:/labsyns/lab3/top_lab3.sv Line: 26
Info (12128): Elaborating entity "fifoctrl" for hierarchy "fifo:fifo|fifoctrl:ctrl" File: E:/labsyns/lab3/fifo.sv Line: 43
Warning (10230): Verilog HDL assignment warning at fifoctrl.v(47): truncated value with size 6 to match size of target (5) File: E:/labsyns/lab3/fifoctrl.v Line: 47
Warning (10230): Verilog HDL assignment warning at fifoctrl.v(71): truncated value with size 6 to match size of target (5) File: E:/labsyns/lab3/fifoctrl.v Line: 71
Info (12128): Elaborating entity "ram2" for hierarchy "fifo:fifo|ram2:mem" File: E:/labsyns/lab3/fifo.sv Line: 54
Info (12128): Elaborating entity "altsyncram" for hierarchy "fifo:fifo|ram2:mem|altsyncram:altsyncram_component" File: E:/labsyns/lab3/ram2.v Line: 94
Info (12130): Elaborated megafunction instantiation "fifo:fifo|ram2:mem|altsyncram:altsyncram_component" File: E:/labsyns/lab3/ram2.v Line: 94
Info (12133): Instantiated megafunction "fifo:fifo|ram2:mem|altsyncram:altsyncram_component" with the following parameter: File: E:/labsyns/lab3/ram2.v Line: 94
    Info (12134): Parameter "address_aclr_b" = "NONE"
    Info (12134): Parameter "address_reg_b" = "CLOCK1"
    Info (12134): Parameter "clock_enable_input_a" = "BYPASS"
    Info (12134): Parameter "clock_enable_input_b" = "BYPASS"
    Info (12134): Parameter "clock_enable_output_b" = "BYPASS"
    Info (12134): Parameter "intended_device_family" = "Cyclone V"
    Info (12134): Parameter "lpm_type" = "altsyncram"
    Info (12134): Parameter "numwords_a" = "32"
    Info (12134): Parameter "numwords_b" = "32"
    Info (12134): Parameter "operation_mode" = "DUAL_PORT"
    Info (12134): Parameter "outdata_aclr_b" = "NONE"
    Info (12134): Parameter "outdata_reg_b" = "UNREGISTERED"
    Info (12134): Parameter "power_up_uninitialized" = "FALSE"
    Info (12134): Parameter "ram_block_type" = "M10K"
    Info (12134): Parameter "rdcontrol_reg_b" = "CLOCK1"
    Info (12134): Parameter "widthad_a" = "5"
    Info (12134): Parameter "widthad_b" = "5"
    Info (12134): Parameter "width_a" = "24"
    Info (12134): Parameter "width_b" = "24"
    Info (12134): Parameter "width_byteena_a" = "1"
Info (12021): Found 1 design units, including 1 entities, in source file db/altsyncram_q5v1.tdf
    Info (12023): Found entity 1: altsyncram_q5v1 File: E:/labsyns/lab3/db/altsyncram_q5v1.tdf Line: 28
Info (12128): Elaborating entity "altsyncram_q5v1" for hierarchy "fifo:fifo|ram2:mem|altsyncram:altsyncram_component|altsyncram_q5v1:auto_generated" File: c:/intelfpga/23.1std/quartus/libraries/megafunctions/altsyncram.tdf Line: 792
Info (12128): Elaborating entity "lfshr" for hierarchy "lfshr:gendata" File: E:/labsyns/lab3/top_lab3.sv Line: 33
Info (12128): Elaborating entity "bcdtohex" for hierarchy "bcdtohex:dis0" File: E:/labsyns/lab3/top_lab3.sv Line: 36
Warning (12011): Net is missing source, defaulting to GND
    Warning (12110): Net "in[23]" is missing source, defaulting to GND File: E:/labsyns/lab3/top_lab3.sv Line: 10
    Warning (12110): Net "in[22]" is missing source, defaulting to GND File: E:/labsyns/lab3/top_lab3.sv Line: 10
    Warning (12110): Net "in[21]" is missing source, defaulting to GND File: E:/labsyns/lab3/top_lab3.sv Line: 10
    Warning (12110): Net "in[20]" is missing source, defaulting to GND File: E:/labsyns/lab3/top_lab3.sv Line: 10
    Warning (12110): Net "in[19]" is missing source, defaulting to GND File: E:/labsyns/lab3/top_lab3.sv Line: 10
    Warning (12110): Net "in[18]" is missing source, defaulting to GND File: E:/labsyns/lab3/top_lab3.sv Line: 10
    Warning (12110): Net "in[17]" is missing source, defaulting to GND File: E:/labsyns/lab3/top_lab3.sv Line: 10
    Warning (12110): Net "in[16]" is missing source, defaulting to GND File: E:/labsyns/lab3/top_lab3.sv Line: 10
Warning (12241): 1 hierarchies have connectivity warnings - see the Connectivity Checks report folder
Info (286030): Timing-Driven Synthesis is running
Info (16010): Generating hard_block partition "hard_block:auto_generated_inst"
    Info (16011): Adding 0 node(s), including 0 DDIO, 0 PLL, 0 transceiver and 0 LCELL
Warning (21074): Design contains 8 input pin(s) that do not drive logic
    Warning (15610): No output dependent on input pin "SW[1]" File: E:/labsyns/lab3/top_lab3.sv Line: 5
    Warning (15610): No output dependent on input pin "SW[2]" File: E:/labsyns/lab3/top_lab3.sv Line: 5
    Warning (15610): No output dependent on input pin "SW[3]" File: E:/labsyns/lab3/top_lab3.sv Line: 5
    Warning (15610): No output dependent on input pin "SW[4]" File: E:/labsyns/lab3/top_lab3.sv Line: 5
    Warning (15610): No output dependent on input pin "SW[5]" File: E:/labsyns/lab3/top_lab3.sv Line: 5
    Warning (15610): No output dependent on input pin "SW[6]" File: E:/labsyns/lab3/top_lab3.sv Line: 5
    Warning (15610): No output dependent on input pin "SW[7]" File: E:/labsyns/lab3/top_lab3.sv Line: 5
    Warning (15610): No output dependent on input pin "SW[8]" File: E:/labsyns/lab3/top_lab3.sv Line: 5
Info (21057): Implemented 220 device resources after synthesis - the final resource count might be different
    Info (21058): Implemented 15 input pins
    Info (21059): Implemented 45 output pins
    Info (21061): Implemented 136 logic cells
    Info (21064): Implemented 24 RAM segments
Info: Quartus Prime Analysis & Synthesis was successful. 0 errors, 22 warnings
    Info: Peak virtual memory: 4856 megabytes
    Info: Processing ended: Fri Apr  4 21:59:33 2025
    Info: Elapsed time: 00:00:09
    Info: Total CPU time (on all processors): 00:00:15


